Component: ARM Compiler 5.06 update 5 (build 528) Tool: armlink [4d35e2]

==============================================================================

Section Cross References

    startup_stm32f107xc.o(RESET) refers to startup_stm32f107xc.o(STACK) for __initial_sp
    startup_stm32f107xc.o(RESET) refers to startup_stm32f107xc.o(.text) for Reset_Handler
    startup_stm32f107xc.o(RESET) refers to stm32f1xx_it.o(i.NMI_Handler) for NMI_Handler
    startup_stm32f107xc.o(RESET) refers to stm32f1xx_it.o(i.HardFault_Handler) for HardFault_Handler
    startup_stm32f107xc.o(RESET) refers to stm32f1xx_it.o(i.MemManage_Handler) for MemManage_Handler
    startup_stm32f107xc.o(RESET) refers to stm32f1xx_it.o(i.BusFault_Handler) for BusFault_Handler
    startup_stm32f107xc.o(RESET) refers to stm32f1xx_it.o(i.UsageFault_Handler) for UsageFault_Handler
    startup_stm32f107xc.o(RESET) refers to stm32f1xx_it.o(i.SVC_Handler) for SVC_Handler
    startup_stm32f107xc.o(RESET) refers to stm32f1xx_it.o(i.DebugMon_Handler) for DebugMon_Handler
    startup_stm32f107xc.o(RESET) refers to stm32f1xx_it.o(i.PendSV_Handler) for PendSV_Handler
    startup_stm32f107xc.o(RESET) refers to stm32f1xx_it.o(i.SysTick_Handler) for SysTick_Handler
    startup_stm32f107xc.o(.text) refers to system_stm32f1xx.o(i.SystemInit) for SystemInit
    startup_stm32f107xc.o(.text) refers to entry.o(.ARM.Collect$$$$00000000) for __main
    main.o(i.SystemClock_Config) refers to memseta.o(.text) for __aeabi_memclr4
    main.o(i.SystemClock_Config) refers to stm32f1xx_hal_rcc.o(i.HAL_RCC_OscConfig) for HAL_RCC_OscConfig
    main.o(i.SystemClock_Config) refers to stm32f1xx_hal_rcc.o(i.HAL_RCC_ClockConfig) for HAL_RCC_ClockConfig
    main.o(i.SystemClock_Config) refers to stm32f1xx_hal_rcc.o(i.HAL_RCC_MCOConfig) for HAL_RCC_MCOConfig
    main.o(i.main) refers to stm32f1xx_hal.o(i.HAL_Init) for HAL_Init
    main.o(i.main) refers to main.o(i.SystemClock_Config) for SystemClock_Config
    main.o(i.main) refers to gpio.o(i.MX_GPIO_Init) for MX_GPIO_Init
    main.o(i.main) refers to usart.o(i.MX_USART1_UART_Init) for MX_USART1_UART_Init
    main.o(i.main) refers to lwip.o(i.MX_LWIP_Init) for MX_LWIP_Init
    main.o(i.main) refers to i2c.o(i.MX_I2C1_Init) for MX_I2C1_Init
    main.o(i.main) refers to iwdg.o(i.MX_IWDG_Init) for MX_IWDG_Init
    main.o(i.main) refers to stm32f1xx_hal.o(i.HAL_Delay) for HAL_Delay
    main.o(i.main) refers to bsp_udp.o(i.LWIP_Read_AT24CXX) for LWIP_Read_AT24CXX
    main.o(i.main) refers to memcpya.o(.text) for __aeabi_memcpy
    main.o(i.main) refers to bsp_udp.o(i.Net_Update) for Net_Update
    main.o(i.main) refers to bsp_udp.o(i.udp_client_init) for udp_client_init
    main.o(i.main) refers to oled.o(i.OLED_Init) for OLED_Init
    main.o(i.main) refers to oled.o(i.Screen_Init) for Screen_Init
    main.o(i.main) refers to stm32f1xx_hal_gpio.o(i.HAL_GPIO_WritePin) for HAL_GPIO_WritePin
    main.o(i.main) refers to bsp_udp.o(i.SendNTPreq) for SendNTPreq
    main.o(i.main) refers to stm32f1xx_hal_gpio.o(i.HAL_GPIO_ReadPin) for HAL_GPIO_ReadPin
    main.o(i.main) refers to printf3.o(i.__0printf$3) for __2printf
    main.o(i.main) refers to lwip.o(i.MX_LWIP_Process) for MX_LWIP_Process
    main.o(i.main) refers to stm32f1xx_hal_iwdg.o(i.HAL_IWDG_Refresh) for HAL_IWDG_Refresh
    main.o(i.main) refers to bsp_udp.o(.bss) for g_devrecource
    main.o(i.main) refers to clock.o(.bss) for Clock_dev
    main.o(i.main) refers to main.o(.data) for .data
    main.o(i.main) refers to iwdg.o(.bss) for hiwdg
    gpio.o(i.MX_GPIO_Init) refers to stm32f1xx_hal_gpio.o(i.HAL_GPIO_WritePin) for HAL_GPIO_WritePin
    gpio.o(i.MX_GPIO_Init) refers to stm32f1xx_hal_gpio.o(i.HAL_GPIO_Init) for HAL_GPIO_Init
    i2c.o(i.HAL_I2C_MspDeInit) refers to stm32f1xx_hal_gpio.o(i.HAL_GPIO_DeInit) for HAL_GPIO_DeInit
    i2c.o(i.HAL_I2C_MspInit) refers to stm32f1xx_hal_gpio.o(i.HAL_GPIO_Init) for HAL_GPIO_Init
    i2c.o(i.MX_I2C1_Init) refers to stm32f1xx_hal_i2c.o(i.HAL_I2C_Init) for HAL_I2C_Init
    i2c.o(i.MX_I2C1_Init) refers to main.o(i.Error_Handler) for Error_Handler
    i2c.o(i.MX_I2C1_Init) refers to i2c.o(.bss) for .bss
    iwdg.o(i.MX_IWDG_Init) refers to stm32f1xx_hal_iwdg.o(i.HAL_IWDG_Init) for HAL_IWDG_Init
    iwdg.o(i.MX_IWDG_Init) refers to main.o(i.Error_Handler) for Error_Handler
    iwdg.o(i.MX_IWDG_Init) refers to iwdg.o(.bss) for .bss
    usart.o(i.HAL_UART_MspDeInit) refers to stm32f1xx_hal_gpio.o(i.HAL_GPIO_DeInit) for HAL_GPIO_DeInit
    usart.o(i.HAL_UART_MspInit) refers to stm32f1xx_hal_gpio.o(i.HAL_GPIO_Init) for HAL_GPIO_Init
    usart.o(i.MX_USART1_UART_Init) refers to stm32f1xx_hal_uart.o(i.HAL_UART_Init) for HAL_UART_Init
    usart.o(i.MX_USART1_UART_Init) refers to main.o(i.Error_Handler) for Error_Handler
    usart.o(i.MX_USART1_UART_Init) refers to usart.o(.bss) for .bss
    usart.o(i.fputc) refers to stm32f1xx_hal_uart.o(i.HAL_UART_Transmit) for HAL_UART_Transmit
    usart.o(i.fputc) refers to usart.o(.bss) for .bss
[...]
    _printf_ll                               0x00000000   Number         0  stubs.o ABSOLUTE
    _printf_lld                              0x00000000   Number         0  stubs.o ABSOLUTE
    _printf_lli                              0x00000000   Number         0  stubs.o ABSOLUTE
    _printf_llo                              0x00000000   Number         0  stubs.o ABSOLUTE
    _printf_llu                              0x00000000   Number         0  stubs.o ABSOLUTE
    _printf_llx                              0x00000000   Number         0  stubs.o ABSOLUTE
    _printf_longlong_dec                     0x00000000   Number         0  stubs.o ABSOLUTE
    _printf_longlong_hex                     0x00000000   Number         0  stubs.o ABSOLUTE
    _printf_longlong_oct                     0x00000000   Number         0  stubs.o ABSOLUTE
    _printf_ls                               0x00000000   Number         0  stubs.o ABSOLUTE
    _printf_mbtowc                           0x00000000   Number         0  stubs.o ABSOLUTE
    _printf_n                                0x00000000   Number         0  stubs.o ABSOLUTE
    _printf_o                                0x00000000   Number         0  stubs.o ABSOLUTE
    _printf_p                                0x00000000   Number         0  stubs.o ABSOLUTE
    _printf_percent                          0x00000000   Number         0  stubs.o ABSOLUTE
    _printf_pre_padding                      0x00000000   Number         0  stubs.o ABSOLUTE
    _printf_return_value                     0x00000000   Number         0  stubs.o ABSOLUTE
    _printf_s                                0x00000000   Number         0  stubs.o ABSOLUTE
    _printf_sizespec                         0x00000000   Number         0  stubs.o ABSOLUTE
    _printf_str                              0x00000000   Number         0  stubs.o ABSOLUTE
    _printf_truncate_signed                  0x00000000   Number         0  stubs.o ABSOLUTE
    _printf_truncate_unsigned                0x00000000   Number         0  stubs.o ABSOLUTE
    _printf_u                                0x00000000   Number         0  stubs.o ABSOLUTE
    _printf_wc                               0x00000000   Number         0  stubs.o ABSOLUTE
    _printf_wctomb                           0x00000000   Number         0  stubs.o ABSOLUTE
    _printf_widthprec                        0x00000000   Number         0  stubs.o ABSOLUTE
    _printf_x                                0x00000000   Number         0  stubs.o ABSOLUTE
    __cpp_initialize__aeabi_                  - Undefined Weak Reference
    __cxa_finalize                            - Undefined Weak Reference
    __decompress                              - Undefined Weak Reference
    _clock_init                               - Undefined Weak Reference
    _microlib_exit                            - Undefined Weak Reference
    _scanf_longlong                           - Undefined Weak Reference
    _scanf_real                               - Undefined Weak Reference
    _scanf_string                             - Undefined Weak Reference
    __Vectors_Size                           0x00000150   Number         0  startup_stm32f107xc.o ABSOLUTE
    __Vectors                                0x08000000   Data           4  startup_stm32f107xc.o(RESET)
    __Vectors_End                            0x08000150   Data           0  startup_stm32f107xc.o(RESET)
    __main                                   0x08000151   Thumb Code     0  entry.o(.ARM.Collect$$$$00000000)
    _main_stk                                0x08000151   Thumb Code     0  entry2.o(.ARM.Collect$$$$00000001)
    _main_scatterload                        0x08000155   Thumb Code     0  entry5.o(.ARM.Collect$$$$00000004)
    __main_after_scatterload                 0x08000159   Thumb Code     0  entry5.o(.ARM.Collect$$$$00000004)
    _main_clock                              0x08000159   Thumb Code     0  entry7b.o(.ARM.Collect$$$$00000008)
    _main_cpp_init                           0x08000159   Thumb Code     0  entry8b.o(.ARM.Collect$$$$0000000A)
    _main_init                               0x08000159   Thumb Code     0  entry9a.o(.ARM.Collect$$$$0000000B)
    __rt_final_cpp                           0x08000161   Thumb Code     0  entry10a.o(.ARM.Collect$$$$0000000D)
    __rt_final_exit                          0x08000161   Thumb Code     0  entry11a.o(.ARM.Collect$$$$0000000F)
    Reset_Handler                            0x08000165   Thumb Code     8  startup_stm32f107xc.o(.text)
    ADC1_2_IRQHandler                        0x0800017f   Thumb Code     0  startup_stm32f107xc.o(.text)
    CAN1_RX0_IRQHandler                      0x0800017f   Thumb Code     0  startup_stm32f107xc.o(.text)
    CAN1_RX1_IRQHandler                      0x0800017f   Thumb Code     0  startup_stm32f107xc.o(.text)
    CAN1_SCE_IRQHandler                      0x0800017f   Thumb Code     0  startup_stm32f107xc.o(.text)
    CAN1_TX_IRQHandler                       0x0800017f   Thumb Code     0  startup_stm32f107xc.o(.text)
    CAN2_RX0_IRQHandler                      0x0800017f   Thumb Code     0  startup_stm32f107xc.o(.text)
    CAN2_RX1_IRQHandler                      0x0800017f   Thumb Code     0  startup_stm32f107xc.o(.text)
    CAN2_SCE_IRQHandler                      0x0800017f   Thumb Code     0  startup_stm32f107xc.o(.text)
    CAN2_TX_IRQHandler                       0x0800017f   Thumb Code     0  startup_stm32f107xc.o(.text)
    DMA1_Channel1_IRQHandler                 0x0800017f   Thumb Code     0  startup_stm32f107xc.o(.text)
    DMA1_Channel2_IRQHandler                 0x0800017f   Thumb Code     0  startup_stm32f107xc.o(.text)
    DMA1_Channel3_IRQHandler                 0x0800017f   Thumb Code     0  startup_stm32f107xc.o(.text)
    DMA1_Channel4_IRQHandler                 0x0800017f   Thumb Code     0  startup_stm32f107xc.o(.text)
    DMA1_Channel5_IRQHandler                 0x0800017f   Thumb Code     0  startup_stm32f107xc.o(.text)
    DMA1_Channel6_IRQHandler                 0x0800017f   Thumb Code     0  startup_stm32f107xc.o(.text)
    DMA1_Channel7_IRQHandler                 0x0800017f   Thumb Code     0  startup_stm32f107xc.o(.text)
    DMA2_Channel1_IRQHandler                 0x0800017f   Thumb Code     0  startup_stm32f107xc.o(.text)
    DMA2_Channel2_IRQHandler                 0x0800017f   Thumb Code     0  startup_stm32f107xc.o(.text)
    DMA2_Channel3_IRQHandler                 0x0800017f   Thumb Code     0  startup_stm32f107xc.o(.text)
    DMA2_Channel4_IRQHandler                 0x0800017f   Thumb Code     0  startup_stm32f107xc.o(.text)
    DMA2_Channel5_IRQHandler                 0x0800017f   Thumb Code     0  startup_stm32f107xc.o(.text)
    ETH_IRQHandler                           0x0800017f   Thumb Code     0  startup_stm32f107xc.o(.text)
    ETH_WKUP_IRQHandler                      0x0800017f   Thumb Code     0  startup_stm32f107xc.o(.text)
    EXTI0_IRQHandler                         0x0800017f   Thumb Code     0  startup_stm32f107xc.o(.text)
    EXTI15_10_IRQHandler                     0x0800017f   Thumb Code     0  startup_stm32f107xc.o(.text)
    EXTI1_IRQHandler                         0x0800017f   Thumb Code     0  startup_stm32f107xc.o(.text)
    EXTI2_IRQHandler                         0x0800017f   Thumb Code     0  startup_stm32f107xc.o(.text)
    EXTI3_IRQHandler                         0x0800017f   Thumb Code     0  startup_stm32f107xc.o(.text)
    EXTI4_IRQHandler                         0x0800017f   Thumb Code     0  startup_stm32f107xc.o(.text)
    EXTI9_5_IRQHandler                       0x0800017f   Thumb Code     0  startup_stm32f107xc.o(.text)
    FLASH_IRQHandler                         0x0800017f   Thumb Code     0  startup_stm32f107xc.o(.text)
    I2C1_ER_IRQHandler                       0x0800017f   Thumb Code     0  startup_stm32f107xc.o(.text)
    I2C1_EV_IRQHandler                       0x0800017f   Thumb Code     0  startup_stm32f107xc.o(.text)
    I2C2_ER_IRQHandler                       0x0800017f   Thumb Code     0  startup_stm32f107xc.o(.text)
    I2C2_EV_IRQHandler                       0x0800017f   Thumb Code     0  startup_stm32f107xc.o(.text)
    OTG_FS_IRQHandler                        0x0800017f   Thumb Code     0  startup_stm32f107xc.o(.text)
    OTG_FS_WKUP_IRQHandler                   0x0800017f   Thumb Code     0  startup_stm32f107xc.o(.text)
    PVD_IRQHandler                           0x0800017f   Thumb Code     0  startup_stm32f107xc.o(.text)
    RCC_IRQHandler                           0x0800017f   Thumb Code     0  startup_stm32f107xc.o(.text)
    RTC_Alarm_IRQHandler                     0x0800017f   Thumb Code     0  startup_stm32f107xc.o(.text)
    RTC_IRQHandler                           0x0800017f   Thumb Code     0  startup_stm32f107xc.o(.text)
    SPI1_IRQHandler                          0x0800017f   Thumb Code     0  startup_stm32f107xc.o(.text)
    SPI2_IRQHandler                          0x0800017f   Thumb Code     0  startup_stm32f107xc.o(.text)
    SPI3_IRQHandler                          0x0800017f   Thumb Code     0  startup_stm32f107xc.o(.text)
    TAMPER_IRQHandler                        0x0800017f   Thumb Code     0  startup_stm32f107xc.o(.text)
    TIM1_BRK_IRQHandler                      0x0800017f   Thumb Code     0  startup_stm32f107xc.o(.text)
    TIM1_CC_IRQHandler                       0x0800017f   Thumb Code     0  startup_stm32f107xc.o(.text)
    TIM1_TRG_COM_IRQHandler                  0x0800017f   Thumb Code     0  startup_stm32f107xc.o(.text)
    TIM1_UP_IRQHandler                       0x0800017f   Thumb Code     0  startup_stm32f107xc.o(.text)
    TIM2_IRQHandler                          0x0800017f   Thumb Code     0  startup_stm32f107xc.o(.text)
    TIM3_IRQHandler                          0x0800017f   Thumb Code     0  startup_stm32f107xc.o(.text)
    TIM4_IRQHandler                          0x0800017f   Thumb Code     0  startup_stm32f107xc.o(.text)
    TIM5_IRQHandler                          0x0800017f   Thumb Code     0  startup_stm32f107xc.o(.text)
    TIM6_IRQHandler                          0x0800017f   Thumb Code     0  startup_stm32f107xc.o(.text)
    TIM7_IRQHandler                          0x0800017f   Thumb Code     0  startup_stm32f107xc.o(.text)
    UART4_IRQHandler                         0x0800017f   Thumb Code     0  startup_stm32f107xc.o(.text)
    UART5_IRQHandler                         0x0800017f   Thumb Code     0  startup_stm32f107xc.o(.text)
    USART1_IRQHandler                        0x0800017f   Thumb Code     0  startup_stm32f107xc.o(.text)
    USART2_IRQHandler                        0x0800017f   Thumb Code     0  startup_stm32f107xc.o(.text)
    USART3_IRQHandler                        0x0800017f   Thumb Code     0  startup_stm32f107xc.o(.text)
    WWDG_IRQHandler                          0x0800017f   Thumb Code     0  startup_stm32f107xc.o(.text)
    __aeabi_uldivmod                         0x08000189   Thumb Code    98  uldiv.o(.text)
    __aeabi_llsr                             0x080001eb   Thumb Code    32  llushr.o(.text)
    _ll_ushift_r                             0x080001eb   Thumb Code     0  llushr.o(.text)
    __aeabi_memcpy                           0x0800020b   Thumb Code    36  memcpya.o(.text)
    __aeabi_memcpy4                          0x0800020b   Thumb Code     0  memcpya.o(.text)
    __aeabi_memcpy8                          0x0800020b   Thumb Code     0  memcpya.o(.text)
    __aeabi_memset                           0x0800022f   Thumb Code    14  memseta.o(.text)
    __aeabi_memset4                          0x0800022f   Thumb Code     0  memseta.o(.text)
    __aeabi_memset8                          0x0800022f   Thumb Code     0  memseta.o(.text)
    __aeabi_memclr                           0x0800023d   Thumb Code     4  memseta.o(.text)
    __aeabi_memclr4                          0x0800023d   Thumb Code     0  memseta.o(.text)
    __aeabi_memclr8                          0x0800023d   Thumb Code     0  memseta.o(.text)
    _memset$wrapper                          0x08000241   Thumb Code    18  memseta.o(.text)
    strstr                                   0x08000253   Thumb Code    36  strstr.o(.text)
    strlen                                   0x08000277   Thumb Code    14  strlen.o(.text)
    memcmp                                   0x08000285   Thumb Code    26  memcmp.o(.text)
    strcpy                                   0x0800029f   Thumb Code    18  strcpy.o(.text)
    strncmp                                  0x080002b1   Thumb Code    30  strncmp.o(.text)
    __0sscanf                                0x080002d1   Thumb Code    48  __0sscanf.o(.text)
    _scanf_int                               0x08000309   Thumb Code   332  _scanf_int.o(.text)
    __aeabi_uidiv                            0x08000455   Thumb Code     0  uidiv.o(.text)
    __aeabi_uidivmod                         0x08000455   Thumb Code    44  uidiv.o(.text)
    __aeabi_llsl                             0x08000481   Thumb Code    30  llshl.o(.text)
    _ll_shift_l                              0x08000481   Thumb Code     0  llshl.o(.text)
    _chval                                   0x0800049f   Thumb Code    28  _chval.o(.text)
    __vfscanf_char                           0x080004c9   Thumb Code    20  scanf_char.o(.text)
    _sgetc                                   0x080004e5   Thumb Code    30  _sgetc.o(.text)
    _sbackspace                              0x08000503   Thumb Code    34  _sgetc.o(.text)
    __scatterload                            0x08000525   Thumb Code    28  init.o(.text)
    __scatterload_rt2                        0x08000525   Thumb Code     0  init.o(.text)
    isspace                                  0x08000549   Thumb Code    10  isspace_c.o(.text)
    __vfscanf                                0x08000555   Thumb Code   808  _scanf.o(.text)
    __ctype_lookup                           0x08000881   Thumb Code    34  ctype_c.o(.text)
    AT24CXX_Read                             0x080008a9   Thumb Code    32  at24cxx.o(i.AT24CXX_Read)
    AT24CXX_Write                            0x080008cd   Thumb Code    32  at24cxx.o(i.AT24CXX_Write)
    AT_CMD                                   0x080008f1   Thumb Code   178  at_cmd.o(i.AT_CMD)
    AT_Check                                 0x080009c9   Thumb Code    34  at_cmd.o(i.AT_Check)
    BusFault_Handler                         0x080009f5   Thumb Code     2  stm32f1xx_it.o(i.BusFault_Handler)
    Clcok_Timer24to12                        0x080009f7   Thumb Code    22  clock.o(i.Clcok_Timer24to12)
    Clock_CheckTime                          0x08000a0d   Thumb Code    26  clock.o(i.Clock_CheckTime)
    Clock_GetClockStatus                     0x08000a29   Thumb Code    62  clock.o(i.Clock_GetClockStatus)
    Clock_GetLocal                           0x08000a9d   Thumb Code    42  clock.o(i.Clock_GetLocal)
    Clock_GetStatus                          0x08000ae9   Thumb Code   100  clock.o(i.Clock_GetStatus)
    Clock_GetVersion                         0x08000b55   Thumb Code    28  clock.o(i.Clock_GetVersion)
    Clock_SetLocal                           0x08000b7d   Thumb Code   112  clock.o(i.Clock_SetLocal)
    Clock_SetRun                             0x08000c2d   Thumb Code    14  clock.o(i.Clock_SetRun)
    Clock_SetStop                            0x08000c41   Thumb Code     8  clock.o(i.Clock_SetStop)
    Clock_TimetoStamp                        0x08000c4d   Thumb Code    26  clock.o(i.Clock_TimetoStamp)
    Config_Send                              0x08000c69   Thumb Code    10  bsp_udp.o(i.Config_Send)
    DS1302_DATA_Direction                    0x08000c79   Thumb Code    38  bsp_ds1302.o(i.DS1302_DATA_Direction)
    DS1302_Write_OneByte                     0x08000ca5   Thumb Code    76  bsp_ds1302.o(i.DS1302_Write_OneByte)
    DS1302_Write_Time                        0x08000cf5   Thumb Code   216  bsp_ds1302.o(i.DS1302_Write_Time)
    DebugMon_Handler                         0x08000dcd   Thumb Code     2  stm32f1xx_it.o(i.DebugMon_Handler)
    Equality_Handler                         0x08000f45   Thumb Code   236  at_cmd.o(i.Equality_Handler)
    Error_Handler                            0x08001085   Thumb Code     4  main.o(i.Error_Handler)
    GET_RTC                                  0x08001089   Thumb Code    60  bsp_ds1302.o(i.GET_RTC)
    HAL_Delay                                0x080010f1   Thumb Code    32  stm32f1xx_hal.o(i.HAL_Delay)
    HAL_ETH_ConfigMAC                        0x08001115   Thumb Code   298  stm32f1xx_hal_eth.o(i.HAL_ETH_ConfigMAC)
    HAL_ETH_DMARxDescListInit                0x08001245   Thumb Code   114  stm32f1xx_hal_eth.o(i.HAL_ETH_DMARxDescListInit)
    HAL_ETH_DMATxDescListInit                0x080012b7   Thumb Code   120  stm32f1xx_hal_eth.o(i.HAL_ETH_DMATxDescListInit)
    HAL_ETH_GetReceivedFrame                 0x0800132f   Thumb Code   122  stm32f1xx_hal_eth.o(i.HAL_ETH_GetReceivedFrame)
    HAL_ETH_Init                             0x080013a9   Thumb Code   398  stm32f1xx_hal_eth.o(i.HAL_ETH_Init)
    HAL_ETH_MspInit                          0x0800154d   Thumb Code   250  ethernetif.o(i.HAL_ETH_MspInit)
    HAL_ETH_ReadPHYRegister                  0x0800165d   Thumb Code   130  stm32f1xx_hal_eth.o(i.HAL_ETH_ReadPHYRegister)
    HAL_ETH_Start                            0x080016df   Thumb Code   132  stm32f1xx_hal_eth.o(i.HAL_ETH_Start)
    HAL_ETH_Stop                             0x08001763   Thumb Code   132  stm32f1xx_hal_eth.o(i.HAL_ETH_Stop)
    HAL_ETH_TransmitFrame                    0x080017e7   Thumb Code   264  stm32f1xx_hal_eth.o(i.HAL_ETH_TransmitFrame)
    HAL_ETH_WritePHYRegister                 0x080018ef   Thumb Code   118  stm32f1xx_hal_eth.o(i.HAL_ETH_WritePHYRegister)
    HAL_GPIO_Init                            0x08001965   Thumb Code   426  stm32f1xx_hal_gpio.o(i.HAL_GPIO_Init)
    HAL_GPIO_ReadPin                         0x08001b31   Thumb Code    10  stm32f1xx_hal_gpio.o(i.HAL_GPIO_ReadPin)
    HAL_GPIO_WritePin                        0x08001b3b   Thumb Code    10  stm32f1xx_hal_gpio.o(i.HAL_GPIO_WritePin)
    HAL_GetTick                              0x08001b45   Thumb Code     6  stm32f1xx_hal.o(i.HAL_GetTick)
    HAL_I2C_Init                             0x08001b51   Thumb Code   376  stm32f1xx_hal_i2c.o(i.HAL_I2C_Init)
    HAL_I2C_Mem_Read                         0x08001cd9   Thumb Code   574  stm32f1xx_hal_i2c.o(i.HAL_I2C_Mem_Read)
    HAL_I2C_Mem_Write                        0x08001f29   Thumb Code   294  stm32f1xx_hal_i2c.o(i.HAL_I2C_Mem_Write)
    HAL_I2C_MspInit                          0x08002059   Thumb Code    80  i2c.o(i.HAL_I2C_MspInit)
    HAL_IWDG_Init                            0x080020b5   Thumb Code    88  stm32f1xx_hal_iwdg.o(i.HAL_IWDG_Init)
    HAL_IWDG_Refresh                         0x0800210d   Thumb Code    12  stm32f1xx_hal_iwdg.o(i.HAL_IWDG_Refresh)
    HAL_IncTick                              0x08002119   Thumb Code    12  stm32f1xx_hal.o(i.HAL_IncTick)
    HAL_Init                                 0x08002129   Thumb Code    32  stm32f1xx_hal.o(i.HAL_Init)
    HAL_InitTick                             0x0800214d   Thumb Code    54  stm32f1xx_hal.o(i.HAL_InitTick)
    HAL_MspInit                              0x0800218d   Thumb Code    38  stm32f1xx_hal_msp.o(i.HAL_MspInit)
    HAL_NVIC_SetPriority                     0x080021b9   Thumb Code    60  stm32f1xx_hal_cortex.o(i.HAL_NVIC_SetPriority)
    HAL_NVIC_SetPriorityGrouping             0x080021f9   Thumb Code    26  stm32f1xx_hal_cortex.o(i.HAL_NVIC_SetPriorityGrouping)
    HAL_NVIC_SystemReset                     0x0800221d   Thumb Code    26  stm32f1xx_hal_cortex.o(i.HAL_NVIC_SystemReset)
    HAL_RCC_ClockConfig                      0x08002241   Thumb Code   292  stm32f1xx_hal_rcc.o(i.HAL_RCC_ClockConfig)
    HAL_RCC_GetHCLKFreq                      0x08002379   Thumb Code     6  stm32f1xx_hal_rcc.o(i.HAL_RCC_GetHCLKFreq)
    HAL_RCC_GetPCLK1Freq                     0x08002385   Thumb Code    20  stm32f1xx_hal_rcc.o(i.HAL_RCC_GetPCLK1Freq)
    HAL_RCC_GetPCLK2Freq                     0x080023a5   Thumb Code    20  stm32f1xx_hal_rcc.o(i.HAL_RCC_GetPCLK2Freq)
    HAL_RCC_GetSysClockFreq                  0x080023c5   Thumb Code   128  stm32f1xx_hal_rcc.o(i.HAL_RCC_GetSysClockFreq)
    HAL_RCC_MCOConfig                        0x08002459   Thumb Code    64  stm32f1xx_hal_rcc.o(i.HAL_RCC_MCOConfig)
    HAL_RCC_OscConfig                        0x080024a1   Thumb Code   960  stm32f1xx_hal_rcc.o(i.HAL_RCC_OscConfig)
    HAL_SYSTICK_Config                       0x08002875   Thumb Code    40  stm32f1xx_hal_cortex.o(i.HAL_SYSTICK_Config)
    HAL_UART_Init                            0x0800289d   Thumb Code   100  stm32f1xx_hal_uart.o(i.HAL_UART_Init)
    HAL_UART_MspInit                         0x08002901   Thumb Code   100  usart.o(i.HAL_UART_MspInit)
    HAL_UART_Transmit                        0x08002971   Thumb Code   154  stm32f1xx_hal_uart.o(i.HAL_UART_Transmit)
    HardFault_Handler                        0x08002a0b   Thumb Code     2  stm32f1xx_it.o(i.HardFault_Handler)
    IP_Check                                 0x08002e45   Thumb Code    78  bsp_udp.o(i.IP_Check)
    LWIP_Read_AT24CXX                        0x08002eb5   Thumb Code   310  bsp_udp.o(i.LWIP_Read_AT24CXX)
    MX_GPIO_Init                             0x0800307d   Thumb Code   250  gpio.o(i.MX_GPIO_Init)
    MX_I2C1_Init                             0x08003189   Thumb Code    50  i2c.o(i.MX_I2C1_Init)
    MX_IWDG_Init                             0x080031c9   Thumb Code    36  iwdg.o(i.MX_IWDG_Init)
    MX_LWIP_Init                             0x080031f5   Thumb Code   230  lwip.o(i.MX_LWIP_Init)
    MX_LWIP_Process                          0x080032f1   Thumb Code    16  lwip.o(i.MX_LWIP_Process)
    MX_USART1_UART_Init                      0x08003305   Thumb Code    48  usart.o(i.MX_USART1_UART_Init)
    MemManage_Handler                        0x0800333d   Thumb Code     2  stm32f1xx_it.o(i.MemManage_Handler)
    NMI_Handler                              0x0800333f   Thumb Code     2  stm32f1xx_it.o(i.NMI_Handler)
    Net_Update                               0x08003341   Thumb Code   150  bsp_udp.o(i.Net_Update)
    OLED_Clear                               0x080033e1   Thumb Code    60  oled.o(i.OLED_Clear)
    OLED_Init                                0x0800341d   Thumb Code   258  oled.o(i.OLED_Init)
    OLED_Set_Pos                             0x0800351f   Thumb Code    44  oled.o(i.OLED_Set_Pos)
    OLED_ShowChar                            0x0800354d   Thumb Code    92  oled.o(i.OLED_ShowChar)
    OLED_ShowString                          0x080035ad   Thumb Code    50  oled.o(i.OLED_ShowString)
    OLED_WR_Byte                             0x080035e1   Thumb Code   116  oled.o(i.OLED_WR_Byte)
    PendSV_Handler                           0x08003659   Thumb Code     2  stm32f1xx_it.o(i.PendSV_Handler)
    Quention_Handler                         0x0800365d   Thumb Code   472  at_cmd.o(i.Quention_Handler)
    SET_CONFIGID                             0x08003965   Thumb Code   182  bsp_udp.o(i.SET_CONFIGID)
    SET_CONFIGPORT                           0x08003a55   Thumb Code   110  bsp_udp.o(i.SET_CONFIGPORT)
    SET_DEVGATE                              0x08003aed   Thumb Code   214  bsp_udp.o(i.SET_DEVGATE)
    SET_DEVID                                0x08003bfd   Thumb Code   210  bsp_udp.o(i.SET_DEVID)
    SET_DEVMASK                              0x08003d09   Thumb Code   210  bsp_udp.o(i.SET_DEVMASK)
    SET_DEVPORT                              0x08003e15   Thumb Code   138  bsp_udp.o(i.SET_DEVPORT)
    SET_NTPID                                0x08003ec5   Thumb Code   182  bsp_udp.o(i.SET_NTPID)
    SET_NTPPORT                              0x08003fb1   Thumb Code   110  bsp_udp.o(i.SET_NTPPORT)
    SET_RTC                                  0x08004045   Thumb Code    94  bsp_ds1302.o(i.SET_RTC)
    SVC_Handler                              0x080040f5   Thumb Code     2  stm32f1xx_it.o(i.SVC_Handler)
    Screen_Init                              0x080040f9   Thumb Code    66  oled.o(i.Screen_Init)
    SendNTPreq                               0x0800416d   Thumb Code     6  bsp_udp.o(i.SendNTPreq)
    SysTick_Handler                          0x08004179   Thumb Code     4  stm32f1xx_it.o(i.SysTick_Handler)
    SystemClock_Config                       0x0800417d   Thumb Code   130  main.o(i.SystemClock_Config)
    SystemInit                               0x08004205   Thumb Code     2  system_stm32f1xx.o(i.SystemInit)
    UsageFault_Handler                       0x08004337   Thumb Code     2  stm32f1xx_it.o(i.UsageFault_Handler)
    Write_DS1302_Rig                         0x08004339   Thumb Code    82  bsp_ds1302.o(i.Write_DS1302_Rig)
    __0printf$3                              0x08004391   Thumb Code    22  printf3.o(i.__0printf$3)
    __1printf$3                              0x08004391   Thumb Code     0  printf3.o(i.__0printf$3)
    __2printf                                0x08004391   Thumb Code     0  printf3.o(i.__0printf$3)
    __0sprintf$3                             0x080043b1   Thumb Code    34  printf3.o(i.__0sprintf$3)
    __1sprintf$3                             0x080043b1   Thumb Code     0  printf3.o(i.__0sprintf$3)
    __2sprintf                               0x080043b1   Thumb Code     0  printf3.o(i.__0sprintf$3)
    __scatterload_copy                       0x080043f9   Thumb Code    14  handlers.o(i.__scatterload_copy)
    __scatterload_null                       0x08004407   Thumb Code     2  handlers.o(i.__scatterload_null)
    __scatterload_zeroinit                   0x08004409   Thumb Code    14  handlers.o(i.__scatterload_zeroinit)
    etharp_cleanup_netif                     0x08004739   Thumb Code    42  etharp.o(i.etharp_cleanup_netif)
    etharp_input                             0x080049d5   Thumb Code   152  etharp.o(i.etharp_input)
    etharp_output                            0x08004add   Thumb Code   272  etharp.o(i.etharp_output)
    etharp_query                             0x08004d95   Thumb Code   306  etharp.o(i.etharp_query)
    etharp_request                           0x080050e5   Thumb Code     6  etharp.o(i.etharp_request)
    etharp_tmr                               0x08005111   Thumb Code    90  etharp.o(i.etharp_tmr)
    ethernet_input                           0x0800528d   Thumb Code   154  ethernet.o(i.ethernet_input)
    ethernet_output                          0x0800532d   Thumb Code    98  ethernet.o(i.ethernet_output)
    ethernetif_init                          0x08005425   Thumb Code    50  ethernetif.o(i.ethernetif_init)
    ethernetif_input                         0x080054b5   Thumb Code    34  ethernetif.o(i.ethernetif_input)
    ethernetif_notify_conn_changed           0x080054d7   Thumb Code     2  ethernetif.o(i.ethernetif_notify_conn_changed)
    ethernetif_update_config                 0x080054d9   Thumb Code   170  ethernetif.o(i.ethernetif_update_config)
    fputc                                    0x08005589   Thumb Code    18  usart.o(i.fputc)
    icmp_dest_unreach                        0x080055a1   Thumb Code     8  icmp.o(i.icmp_dest_unreach)
    icmp_input                               0x080055a9   Thumb Code   274  icmp.o(i.icmp_input)
    icmp_time_exceeded                       0x08005899   Thumb Code     8  icmp.o(i.icmp_time_exceeded)
    ip4_addr_isbroadcast_u32                 0x080058a1   Thumb Code    46  ip4_addr.o(i.ip4_addr_isbroadcast_u32)
    ip4_frag                                 0x080058d1   Thumb Code   396  ip4_frag.o(i.ip4_frag)
    ip4_input                                0x08005b29   Thumb Code   408  ip4.o(i.ip4_input)
    ip4_output_if                            0x08005cc9   Thumb Code    30  ip4.o(i.ip4_output_if)
    ip4_output_if_src                        0x08005ce9   Thumb Code   204  ip4.o(i.ip4_output_if_src)
    ip4_reass                                0x08005e55   Thumb Code   450  ip4_frag.o(i.ip4_reass)
    ip4_route                                0x0800601d   Thumb Code    82  ip4.o(i.ip4_route)
    ip_reass_tmr                             0x08006635   Thumb Code    40  ip4_frag.o(i.ip_reass_tmr)
    lwip_calc_date_time                      0x08006955   Thumb Code   314  bsp_udp.o(i.lwip_calc_date_time)
    lwip_get_seconds_from_ntp_server         0x08006a99   Thumb Code    44  bsp_udp.o(i.lwip_get_seconds_from_ntp_server)
    lwip_htonl                               0x08006ac9   Thumb Code     4  def.o(i.lwip_htonl)
    lwip_htons                               0x08006acd   Thumb Code     4  def.o(i.lwip_htons)
    lwip_init                                0x08006ad1   Thumb Code    30  init.o(i.lwip_init)
    lwip_ntp_client_init                     0x08006af1   Thumb Code    52  bsp_udp.o(i.lwip_ntp_client_init)
    main                                     0x08006b29   Thumb Code   232  main.o(i.main)
    mem_free                                 0x08006c51   Thumb Code   110  mem.o(i.mem_free)
    mem_init                                 0x08006d6d   Thumb Code    42  mem.o(i.mem_init)
    mem_malloc                               0x08006da1   Thumb Code   256  mem.o(i.mem_malloc)
    mem_trim                                 0x08006f9d   Thumb Code   240  mem.o(i.mem_trim)
    memp_free                                0x08007121   Thumb Code    34  memp.o(i.memp_free)
    memp_init                                0x080071bd   Thumb Code    24  memp.o(i.memp_init)
    memp_init_pool                           0x080071d9   Thumb Code    42  memp.o(i.memp_init_pool)
    memp_malloc                              0x08007205   Thumb Code    38  memp.o(i.memp_malloc)
    netif_add                                0x080072a9   Thumb Code   104  netif.o(i.netif_add)
    netif_init                               0x08007389   Thumb Code     2  netif.o(i.netif_init)
    netif_set_addr                           0x080073a5   Thumb Code    72  netif.o(i.netif_set_addr)
    netif_set_default                        0x080073ed   Thumb Code     6  netif.o(i.netif_set_default)
    netif_set_down                           0x080073f9   Thumb Code    26  netif.o(i.netif_set_down)
    netif_set_gw                             0x08007413   Thumb Code     8  netif.o(i.netif_set_gw)
    netif_set_ipaddr                         0x0800741d   Thumb Code    60  netif.o(i.netif_set_ipaddr)
    netif_set_link_callback                  0x0800745d   Thumb Code     8  netif.o(i.netif_set_link_callback)
    netif_set_netmask                        0x08007465   Thumb Code     8  netif.o(i.netif_set_netmask)
    netif_set_up                             0x0800746d   Thumb Code    28  netif.o(i.netif_set_up)
    pbuf_alloc                               0x08007489   Thumb Code   468  pbuf.o(i.pbuf_alloc)
    pbuf_alloced_custom                      0x080077f5   Thumb Code    98  pbuf.o(i.pbuf_alloced_custom)
    pbuf_cat                                 0x080078d5   Thumb Code    96  pbuf.o(i.pbuf_cat)
    pbuf_chain                               0x08007a05   Thumb Code    18  pbuf.o(i.pbuf_chain)
    pbuf_clen                                0x08007a17   Thumb Code    18  pbuf.o(i.pbuf_clen)
    pbuf_copy                                0x08007a29   Thumb Code   242  pbuf.o(i.pbuf_copy)
    pbuf_copy_partial                        0x08007c15   Thumb Code   126  pbuf.o(i.pbuf_copy_partial)
    pbuf_free                                0x08007d31   Thumb Code   172  pbuf.o(i.pbuf_free)
    pbuf_header                              0x08007e95   Thumb Code     6  pbuf.o(i.pbuf_header)
    pbuf_header_force                        0x08007e9b   Thumb Code     6  pbuf.o(i.pbuf_header_force)
    pbuf_realloc                             0x08007fc5   Thumb Code   196  pbuf.o(i.pbuf_realloc)
    pbuf_ref                                 0x0800815d   Thumb Code    32  pbuf.o(i.pbuf_ref)
    pbuf_take                                0x080081e9   Thumb Code   160  pbuf.o(i.pbuf_take)
    sys_check_timeouts                       0x080084e1   Thumb Code    68  timeouts.o(i.sys_check_timeouts)
    sys_now                                  0x08008529   Thumb Code     4  ethernetif.o(i.sys_now)
    sys_timeout                              0x0800852d   Thumb Code   156  timeouts.o(i.sys_timeout)
    sys_timeouts_init                        0x08008669   Thumb Code    36  timeouts.o(i.sys_timeouts_init)
    tcp_abandon                              0x08008699   Thumb Code   218  tcp.o(i.tcp_abandon)
    tcp_abort                                0x08008805   Thumb Code     6  tcp.o(i.tcp_abort)
    tcp_alloc                                0x0800880d   Thumb Code   238  tcp.o(i.tcp_alloc)
    tcp_close                                0x08008909   Thumb Code    20  tcp.o(i.tcp_close)
    tcp_eff_send_mss_impl                    0x08008c89   Thumb Code    34  tcp.o(i.tcp_eff_send_mss_impl)
    tcp_enqueue_flags                        0x08008cad   Thumb Code   260  tcp_out.o(i.tcp_enqueue_flags)
    tcp_fasttmr                              0x08008eb9   Thumb Code   102  tcp.o(i.tcp_fasttmr)
    tcp_init                                 0x08008f55   Thumb Code     2  tcp.o(i.tcp_init)
    tcp_input                                0x08008f59   Thumb Code  1476  tcp_in.o(i.tcp_input)
    tcp_keepalive                            0x0800955d   Thumb Code    82  tcp_out.o(i.tcp_keepalive)
    tcp_netif_ip_addr_changed                0x0800982d   Thumb Code    72  tcp.o(i.tcp_netif_ip_addr_changed)
    tcp_next_iss                             0x0800989d   Thumb Code    12  tcp.o(i.tcp_next_iss)
    tcp_output                               0x080098ad   Thumb Code   552  tcp_out.o(i.tcp_output)
    tcp_pcb_purge                            0x08009d9d   Thumb Code    58  tcp.o(i.tcp_pcb_purge)
    tcp_pcb_remove                           0x08009dd9   Thumb Code   122  tcp.o(i.tcp_pcb_remove)
    tcp_process_refused_data                 0x0800a375   Thumb Code   104  tcp.o(i.tcp_process_refused_data)
    tcp_recv_null                            0x0800aa4d   Thumb Code    36  tcp.o(i.tcp_recv_null)
    tcp_recved                               0x0800aa71   Thumb Code   106  tcp.o(i.tcp_recved)
    tcp_rexmit                               0x0800ab81   Thumb Code    86  tcp_out.o(i.tcp_rexmit)
    tcp_rexmit_fast                          0x0800abd7   Thumb Code    88  tcp_out.o(i.tcp_rexmit_fast)
    tcp_rexmit_rto                           0x0800ac2f   Thumb Code    50  tcp_out.o(i.tcp_rexmit_rto)
    tcp_rst                                  0x0800ac61   Thumb Code   148  tcp_out.o(i.tcp_rst)
    tcp_seg_free                             0x0800ad81   Thumb Code    28  tcp.o(i.tcp_seg_free)
    tcp_segs_free                            0x0800ad9d   Thumb Code    18  tcp.o(i.tcp_segs_free)
    tcp_send_empty_ack                       0x0800adaf   Thumb Code   106  tcp_out.o(i.tcp_send_empty_ack)
    tcp_send_fin                             0x0800ae19   Thumb Code    70  tcp_out.o(i.tcp_send_fin)
    tcp_slowtmr                              0x0800ae61   Thumb Code   756  tcp.o(i.tcp_slowtmr)
    tcp_timer_needed                         0x0800b31d   Thumb Code    36  timeouts.o(i.tcp_timer_needed)
    tcp_tmr                                  0x0800b3b9   Thumb Code    28  tcp.o(i.tcp_tmr)
    tcp_trigger_input_pcb_close              0x0800b3d9   Thumb Code    12  tcp_in.o(i.tcp_trigger_input_pcb_close)
    tcp_update_rcv_ann_wnd                   0x0800b3e9   Thumb Code    76  tcp.o(i.tcp_update_rcv_ann_wnd)
    tcp_zero_window_probe                    0x0800b4a9   Thumb Code   188  tcp_out.o(i.tcp_zero_window_probe)
    udp_bind                                 0x0800b59d   Thumb Code   168  udp.o(i.udp_bind)
    udp_client_init                          0x0800b64d   Thumb Code   202  bsp_udp.o(i.udp_client_init)
    udp_client_send                          0x0800b791   Thumb Code    62  bsp_udp.o(i.udp_client_send)
    udp_client_send_ntp                      0x0800b7d1   Thumb Code    48  bsp_udp.o(i.udp_client_send_ntp)
    udp_connect                              0x0800b86d   Thumb Code    76  udp.o(i.udp_connect)
    udp_disconnect                           0x0800b8bd   Thumb Code    16  udp.o(i.udp_disconnect)
    udp_init                                 0x0800b8cd   Thumb Code     2  udp.o(i.udp_init)
    udp_input                                0x0800b8d1   Thumb Code   286  udp.o(i.udp_input)
    udp_netif_ip_addr_changed                0x0800ba65   Thumb Code    48  udp.o(i.udp_netif_ip_addr_changed)
    udp_new                                  0x0800ba99   Thumb Code    26  udp.o(i.udp_new)
    udp_recv                                 0x0800bb35   Thumb Code     6  udp.o(i.udp_recv)
    udp_remove                               0x0800bb3d   Thumb Code    42  udp.o(i.udp_remove)
    udp_send                                 0x0800bb6d   Thumb Code    16  udp.o(i.udp_send)
    udp_sendto                               0x0800bb7d   Thumb Code    50  udp.o(i.udp_sendto)
    udp_sendto_if                            0x0800bbaf   Thumb Code    54  udp.o(i.udp_sendto_if)
    udp_sendto_if_src                        0x0800bbe5   Thumb Code   186  udp.o(i.udp_sendto_if_src)
    AHBPrescTable                            0x0800bd46   Data          16  system_stm32f1xx.o(.constdata)
    APBPrescTable                            0x0800bd56   Data           8  system_stm32f1xx.o(.constdata)
    ethbroadcast                             0x0800bd5e   Data           6  ethernet.o(.constdata)
    ethzero                                  0x0800bd64   Data           6  ethernet.o(.constdata)
    memp_UDP_PCB                             0x0800bd6c   Data          12  memp.o(.constdata)
    memp_TCP_PCB                             0x0800bd78   Data          12  memp.o(.constdata)
    memp_TCP_PCB_LISTEN                      0x0800bd84   Data          12  memp.o(.constdata)
    memp_TCP_SEG                             0x0800bd90   Data          12  memp.o(.constdata)
    memp_REASSDATA                           0x0800bd9c   Data          12  memp.o(.constdata)
    memp_FRAG_PBUF                           0x0800bda8   Data          12  memp.o(.constdata)
    memp_SYS_TIMEOUT                         0x0800bdb4   Data          12  memp.o(.constdata)
    memp_PBUF                                0x0800bdc0   Data          12  memp.o(.constdata)
    memp_PBUF_POOL                           0x0800bdcc   Data          12  memp.o(.constdata)
    memp_pools                               0x0800bdd8   Data          36  memp.o(.constdata)
    tcp_pcb_lists                            0x0800be40   Data          16  tcp.o(.constdata)
    lwip_cyclic_timers                       0x0800be50   Data          24  timeouts.o(.constdata)
    ip_addr_any                              0x0800be68   Data           4  ip4_addr.o(.constdata)
    g_days                                   0x0800be6c   Data          12  bsp_udp.o(.constdata)
    F8X16                                    0x0800be78   Data        1520  oled.o(.constdata)
    __ctype_categories                       0x0800c468   Data          64  ctype_c.o(.constdata)
    Region$$Table$$Base                      0x0800c680   Number         0  anon$$obj.o(Region$$Table)
    Region$$Table$$Limit                     0x0800c6a0   Number         0  anon$$obj.o(Region$$Table)
    lastSecond                               0x20000000   Data           1  main.o(.data)
    cnt_timing                               0x20000001   Data           1  main.o(.data)
    cnt_seconds                              0x20000002   Data           1  main.o(.data)
    ipaddr                                   0x20000004   Data           4  lwip.o(.data)
    netmask                                  0x20000008   Data           4  lwip.o(.data)
    gw                                       0x2000000c   Data           4  lwip.o(.data)
    IP_ADDRESS                               0x20000010   Data           4  lwip.o(.data)
    NETMASK_ADDRESS                          0x20000014   Data           4  lwip.o(.data)
    GATEWAY_ADDRESS                          0x20000018   Data           4  lwip.o(.data)
    uwTickFreq                               0x2000001c   Data           1  stm32f1xx_hal.o(.data)
    uwTickPrio                               0x20000020   Data           4  stm32f1xx_hal.o(.data)
    uwTick                                   0x20000024   Data           4  stm32f1xx_hal.o(.data)
    SystemCoreClock                          0x20000028   Data           4  system_stm32f1xx.o(.data)
    netif_list                               0x20000060   Data           4  netif.o(.data)
    netif_default                            0x20000064   Data           4  netif.o(.data)
    tcp_active_pcbs_changed                  0x20000068   Data           1  tcp.o(.data)
    tcp_ticks                                0x20000074   Data           4  tcp.o(.data)
    tcp_bound_pcbs                           0x20000078   Data           4  tcp.o(.data)
    tcp_listen_pcbs                          0x2000007c   Data           4  tcp.o(.data)
    tcp_active_pcbs                          0x20000080   Data           4  tcp.o(.data)
    tcp_tw_pcbs                              0x20000084   Data           4  tcp.o(.data)
    tcp_input_pcb                            0x200000a8   Data           4  tcp_in.o(.data)
    udp_pcbs                                 0x200000bc   Data           4  udp.o(.data)
    err                                      0x200000cc   Data           1  bsp_udp.o(.data)
    default_devport                          0x200000ce   Data           2  bsp_udp.o(.data)
    default_ntpport                          0x200000d0   Data           2  bsp_udp.o(.data)
    default_configport                       0x200000d2   Data           2  bsp_udp.o(.data)
    port                                     0x200000d4   Data           2  bsp_udp.o(.data)
    default_devid                            0x200000d6   Data           4  bsp_udp.o(.data)
    default_devmask                          0x200000da   Data           4  bsp_udp.o(.data)
    default_devgate                          0x200000de   Data           4  bsp_udp.o(.data)
    default_ntpid                            0x200000e2   Data           4  bsp_udp.o(.data)
    default_configid                         0x200000e6   Data           4  bsp_udp.o(.data)
    serverIP                                 0x200000ec   Data           4  bsp_udp.o(.data)
    serverIP_ntp                             0x200000f0   Data           4  bsp_udp.o(.data)
    g_nowdate                                0x200000fc   Data           7  bsp_udp.o(.data)
    read_time                                0x20000103   Data           7  bsp_ds1302.o(.data)
    TimeData                                 0x2000010a   Data           7  bsp_ds1302.o(.data)
    __stdout                                 0x20000114   Data           4  stdout.o(.data)
    hi2c1                                    0x20000118   Data          84  i2c.o(.bss)
    hiwdg                                    0x2000016c   Data          12  iwdg.o(.bss)
    huart1                                   0x20000178   Data          72  usart.o(.bss)
    DMARxDscrTab                             0x200001c0   Data         128  ethernetif.o(.bss)
    DMATxDscrTab                             0x20000240   Data          64  ethernetif.o(.bss)
    Rx_Buff                                  0x20000280   Data       12192  ethernetif.o(.bss)
    Tx_Buff                                  0x20003220   Data        6096  ethernetif.o(.bss)
    heth                                     0x200049f0   Data          72  ethernetif.o(.bss)
    gnetif                                   0x20004a38   Data          52  lwip.o(.bss)
    ip_data                                  0x20004a6c   Data          24  ip.o(.bss)
    ram_heap                                 0x20004a84   Data        1619  mem.o(.bss)
    memp_memory_UDP_PCB_base                 0x200050d7   Data         131  memp.o(.bss)
    memp_memory_TCP_PCB_base                 0x2000515a   Data         743  memp.o(.bss)
    memp_memory_TCP_PCB_LISTEN_base          0x20005441   Data         227  memp.o(.bss)
    memp_memory_TCP_SEG_base                 0x20005524   Data         259  memp.o(.bss)
    memp_memory_REASSDATA_base               0x20005627   Data         163  memp.o(.bss)
    memp_memory_FRAG_PBUF_base               0x200056ca   Data         363  memp.o(.bss)
    memp_memory_SYS_TIMEOUT_base             0x20005835   Data          51  memp.o(.bss)
    memp_memory_PBUF_base                    0x20005868   Data         259  memp.o(.bss)
    memp_memory_PBUF_POOL_base               0x2000596b   Data        9731  memp.o(.bss)
    g_devrecource                            0x20008070   Data          26  bsp_udp.o(.bss)
    g_lwip_recvbuf                           0x2000808a   Data        2000  bsp_udp.o(.bss)
    g_ntpformat                              0x20008860   Data          56  bsp_udp.o(.bss)
    g_ntp_message                            0x20008898   Data          48  bsp_udp.o(.bss)
    sendbuf                                  0x200088c8   Data         100  bsp_udp.o(.bss)
    Clock_dev                                0x2000892c   Data          11  clock.o(.bss)
    clk_sendbuf                              0x20008937   Data         100  clock.o(.bss)
    __initial_sp                             0x20008da0   Data           0  startup_stm32f107xc.o(STACK)



==============================================================================

Memory Map of the image

  Image Entry point : 0x08000151

  Load Region LR_IROM1 (Base: 0x08000000, Size: 0x0000c7b8, Max: 0x00040000, ABSOLUTE)

    Execution Region ER_IROM1 (Exec base: 0x08000000, Load base: 0x08000000, Size: 0x0000c6a0, Max: 0x00040000, ABSOLUTE)

    Exec Addr    Load Addr    Size         Type   Attr      Idx    E Section Name        Object

    0x08000000   0x08000000   0x00000150   Data   RO            3    RESET               startup_stm32f107xc.o
    0x08000150   0x08000150   0x00000000   Code   RO         6420  * .ARM.Collect$$$$00000000  mc_w.l(entry.o)
    0x08000150   0x08000150   0x00000004   Code   RO         6718    .ARM.Collect$$$$00000001  mc_w.l(entry2.o)
    0x08000154   0x08000154   0x00000004   Code   RO         6721    .ARM.Collect$$$$00000004  mc_w.l(entry5.o)
    0x08000158   0x08000158   0x00000000   Code   RO         6723    .ARM.Collect$$$$00000008  mc_w.l(entry7b.o)
    0x08000158   0x08000158   0x00000000   Code   RO         6725    .ARM.Collect$$$$0000000A  mc_w.l(entry8b.o)
    0x08000158   0x08000158   0x00000008   Code   RO         6726    .ARM.Collect$$$$0000000B  mc_w.l(entry9a.o)
    0x08000160   0x08000160   0x00000000   Code   RO         6728    .ARM.Collect$$$$0000000D  mc_w.l(entry10a.o)
    0x08000160   0x08000160   0x00000000   Code   RO         6730    .ARM.Collect$$$$0000000F  mc_w.l(entry11a.o)
    0x08000160   0x08000160   0x00000004   Code   RO         6719    .ARM.Collect$$$$00002712  mc_w.l(entry2.o)
    0x08000164   0x08000164   0x00000024   Code   RO            4    .text               startup_stm32f107xc.o
    0x08000188   0x08000188   0x00000062   Code   RO         6423    .text               mc_w.l(uldiv.o)
    0x080001ea   0x080001ea   0x00000020   Code   RO         6425    .text               mc_w.l(llushr.o)
    0x0800020a   0x0800020a   0x00000024   Code   RO         6427    .text               mc_w.l(memcpya.o)
    0x0800022e   0x0800022e   0x00000024   Code   RO         6429    .text               mc_w.l(memseta.o)
    0x08000252   0x08000252   0x00000024   Code   RO         6431    .text               mc_w.l(strstr.o)
    0x08000276   0x08000276   0x0000000e   Code   RO         6433    .text               mc_w.l(strlen.o)
    0x08000284   0x08000284   0x0000001a   Code   RO         6435    .text               mc_w.l(memcmp.o)
    0x0800029e   0x0800029e   0x00000012   Code   RO         6437    .text               mc_w.l(strcpy.o)
    0x080002b0   0x080002b0   0x0000001e   Code   RO         6439    .text               mc_w.l(strncmp.o)
    0x080002ce   0x080002ce   0x00000002   PAD
    0x080002d0   0x080002d0   0x00000038   Code   RO         6704    .text               mc_w.l(__0sscanf.o)
    0x08000308   0x08000308   0x0000014c   Code   RO         6706    .text               mc_w.l(_scanf_int.o)
    0x08000454   0x08000454   0x0000002c   Code   RO         6733    .text               mc_w.l(uidiv.o)
    0x08000480   0x08000480   0x0000001e   Code   RO         6735    .text               mc_w.l(llshl.o)
    0x0800049e   0x0800049e   0x0000001c   Code   RO         6739    .text               mc_w.l(_chval.o)
    0x080004ba   0x080004ba   0x00000002   PAD
    0x080004bc   0x080004bc   0x00000028   Code   RO         6741    .text               mc_w.l(scanf_char.o)
    0x080004e4   0x080004e4   0x00000040   Code   RO         6743    .text               mc_w.l(_sgetc.o)
    0x08000524   0x08000524   0x00000024   Code   RO         6756    .text               mc_w.l(init.o)
    0x08000548   0x08000548   0x0000000a   Code   RO         6758    .text               mc_w.l(isspace_c.o)
    0x08000552   0x08000552   0x00000002   PAD
    0x08000554   0x08000554   0x0000032c   Code   RO         6760    .text               mc_w.l(_scanf.o)
    0x08000880   0x08000880   0x00000028   Code   RO         6762    .text               mc_w.l(ctype_c.o)
    0x080008a8   0x080008a8   0x00000024   Code   RO         5967    i.AT24CXX_Read      at24cxx.o
    0x080008cc   0x080008cc   0x00000024   Code   RO         5968    i.AT24CXX_Write     at24cxx.o
    0x080008f0   0x080008f0   0x000000d8   Code   RO         6247    i.AT_CMD            at_cmd.o
    0x080009c8   0x080009c8   0x0000002c   Code   RO         6248    i.AT_Check          at_cmd.o
    0x080009f4   0x080009f4   0x00000002   Code   RO          451    i.BusFault_Handler  stm32f1xx_it.o
    0x080009f6   0x080009f6   0x00000016   Code   RO         6146    i.Clcok_Timer24to12  clock.o
    0x08000a0c   0x08000a0c   0x0000001a   Code   RO         6147    i.Clock_CheckTime   clock.o
    0x08000a26   0x08000a26   0x00000002   PAD
    0x08000a28   0x08000a28   0x00000074   Code   RO         6148    i.Clock_GetClockStatus  clock.o
    0x08000a9c   0x08000a9c   0x0000004c   Code   RO         6149    i.Clock_GetLocal    clock.o
    0x08000ae8   0x08000ae8   0x0000006c   Code   RO         6150    i.Clock_GetStatus   clock.o
    0x08000b54   0x08000b54   0x00000028   Code   RO         6151    i.Clock_GetVersion  clock.o
    0x08000b7c   0x08000b7c   0x000000b0   Code   RO         6154    i.Clock_SetLocal    clock.o
    0x08000c2c   0x08000c2c   0x00000014   Code   RO         6155    i.Clock_SetRun      clock.o
    0x08000c40   0x08000c40   0x0000000c   Code   RO         6156    i.Clock_SetStop     clock.o
    0x08000c4c   0x08000c4c   0x0000001a   Code   RO         6158    i.Clock_TimetoStamp  clock.o
    0x08000c66   0x08000c66   0x00000002   PAD
    0x08000c68   0x08000c68   0x00000010   Code   RO         5807    i.Config_Send       bsp_udp.o
    0x08000c78   0x08000c78   0x0000002c   Code   RO         6066    i.DS1302_DATA_Direction  bsp_ds1302.o
    0x08000ca4   0x08000ca4   0x00000050   Code   RO         6070    i.DS1302_Write_OneByte  bsp_ds1302.o
    0x08000cf4   0x08000cf4   0x000000d8   Code   RO         6071    i.DS1302_Write_Time  bsp_ds1302.o
    0x08000dcc   0x08000dcc   0x00000002   Code   RO          452    i.DebugMon_Handler  stm32f1xx_it.o
    0x08000dce   0x08000dce   0x00000002   PAD
    0x08000dd0   0x08000dd0   0x00000020   Code   RO          758    i.ETH_Delay         stm32f1xx_hal_eth.o
    0x08000df0   0x08000df0   0x0000002e   Code   RO          759    i.ETH_FlushTransmitFIFO  stm32f1xx_hal_eth.o
    0x08000e1e   0x08000e1e   0x00000002   PAD
    0x08000e20   0x08000e20   0x00000124   Code   RO          760    i.ETH_MACDMAConfig  stm32f1xx_hal_eth.o
    0x08000f44   0x08000f44   0x00000140   Code   RO         6249    i.Equality_Handler  at_cmd.o
    0x08001084   0x08001084   0x00000004   Code   RO           13    i.Error_Handler     main.o
    0x08001088   0x08001088   0x00000068   Code   RO         6072    i.GET_RTC           bsp_ds1302.o
    0x080010f0   0x080010f0   0x00000024   Code   RO          918    i.HAL_Delay         stm32f1xx_hal.o
    0x08001114   0x08001114   0x00000130   Code   RO          762    i.HAL_ETH_ConfigMAC  stm32f1xx_hal_eth.o
    0x08001244   0x08001244   0x00000072   Code   RO          763    i.HAL_ETH_DMARxDescListInit  stm32f1xx_hal_eth.o
    0x080012b6   0x080012b6   0x00000078   Code   RO          764    i.HAL_ETH_DMATxDescListInit  stm32f1xx_hal_eth.o
    0x0800132e   0x0800132e   0x0000007a   Code   RO          767    i.HAL_ETH_GetReceivedFrame  stm32f1xx_hal_eth.o
    0x080013a8   0x080013a8   0x000001a4   Code   RO          771    i.HAL_ETH_Init      stm32f1xx_hal_eth.o
    0x0800154c   0x0800154c   0x00000110   Code   RO          551    i.HAL_ETH_MspInit   ethernetif.o
    0x0800165c   0x0800165c   0x00000082   Code   RO          774    i.HAL_ETH_ReadPHYRegister  stm32f1xx_hal_eth.o
    0x080016de   0x080016de   0x00000084   Code   RO          776    i.HAL_ETH_Start     stm32f1xx_hal_eth.o
    0x08001762   0x08001762   0x00000084   Code   RO          777    i.HAL_ETH_Stop      stm32f1xx_hal_eth.o
    0x080017e6   0x080017e6   0x00000108   Code   RO          778    i.HAL_ETH_TransmitFrame  stm32f1xx_hal_eth.o
    0x080018ee   0x080018ee   0x00000076   Code   RO          780    i.HAL_ETH_WritePHYRegister  stm32f1xx_hal_eth.o
    0x08001964   0x08001964   0x000001cc   Code   RO         1252    i.HAL_GPIO_Init     stm32f1xx_hal_gpio.o
    0x08001b30   0x08001b30   0x0000000a   Code   RO         1254    i.HAL_GPIO_ReadPin  stm32f1xx_hal_gpio.o
    0x08001b3a   0x08001b3a   0x0000000a   Code   RO         1256    i.HAL_GPIO_WritePin  stm32f1xx_hal_gpio.o
    0x08001b44   0x08001b44   0x0000000c   Code   RO          922    i.HAL_GetTick       stm32f1xx_hal.o
    0x08001b50   0x08001b50   0x00000188   Code   RO         1923    i.HAL_I2C_Init      stm32f1xx_hal_i2c.o
    0x08001cd8   0x08001cd8   0x00000250   Code   RO         1941    i.HAL_I2C_Mem_Read  stm32f1xx_hal_i2c.o
    0x08001f28   0x08001f28   0x00000130   Code   RO         1944    i.HAL_I2C_Mem_Write  stm32f1xx_hal_i2c.o
    0x08002058   0x08002058   0x0000005c   Code   RO          332    i.HAL_I2C_MspInit   i2c.o
    0x080020b4   0x080020b4   0x00000058   Code   RO         2349    i.HAL_IWDG_Init     stm32f1xx_hal_iwdg.o
    0x0800210c   0x0800210c   0x0000000c   Code   RO         2350    i.HAL_IWDG_Refresh  stm32f1xx_hal_iwdg.o
    0x08002118   0x08002118   0x00000010   Code   RO          928    i.HAL_IncTick       stm32f1xx_hal.o
    0x08002128   0x08002128   0x00000024   Code   RO          929    i.HAL_Init          stm32f1xx_hal.o
    0x0800214c   0x0800214c   0x00000040   Code   RO          930    i.HAL_InitTick      stm32f1xx_hal.o
    0x0800218c   0x0800218c   0x0000002c   Code   RO          526    i.HAL_MspInit       stm32f1xx_hal_msp.o
    0x080021b8   0x080021b8   0x00000040   Code   RO         1418    i.HAL_NVIC_SetPriority  stm32f1xx_hal_cortex.o
    0x080021f8   0x080021f8   0x00000024   Code   RO         1419    i.HAL_NVIC_SetPriorityGrouping  stm32f1xx_hal_cortex.o
    0x0800221c   0x0800221c   0x00000024   Code   RO         1420    i.HAL_NVIC_SystemReset  stm32f1xx_hal_cortex.o
    0x08002240   0x08002240   0x00000138   Code   RO         1086    i.HAL_RCC_ClockConfig  stm32f1xx_hal_rcc.o
    0x08002378   0x08002378   0x0000000c   Code   RO         1091    i.HAL_RCC_GetHCLKFreq  stm32f1xx_hal_rcc.o
    0x08002384   0x08002384   0x00000020   Code   RO         1093    i.HAL_RCC_GetPCLK1Freq  stm32f1xx_hal_rcc.o
    0x080023a4   0x080023a4   0x00000020   Code   RO         1094    i.HAL_RCC_GetPCLK2Freq  stm32f1xx_hal_rcc.o
    0x080023c4   0x080023c4   0x00000094   Code   RO         1095    i.HAL_RCC_GetSysClockFreq  stm32f1xx_hal_rcc.o
    0x08002458   0x08002458   0x00000048   Code   RO         1096    i.HAL_RCC_MCOConfig  stm32f1xx_hal_rcc.o
    0x080024a0   0x080024a0   0x000003d4   Code   RO         1098    i.HAL_RCC_OscConfig  stm32f1xx_hal_rcc.o
    0x08002874   0x08002874   0x00000028   Code   RO         1423    i.HAL_SYSTICK_Config  stm32f1xx_hal_cortex.o
    0x0800289c   0x0800289c   0x00000064   Code   RO         2445    i.HAL_UART_Init     stm32f1xx_hal_uart.o
    0x08002900   0x08002900   0x00000070   Code   RO          404    i.HAL_UART_MspInit  usart.o
    0x08002970   0x08002970   0x0000009a   Code   RO         2453    i.HAL_UART_Transmit  stm32f1xx_hal_uart.o
    0x08002a0a   0x08002a0a   0x00000002   Code   RO          453    i.HardFault_Handler  stm32f1xx_it.o
    0x08002a0c   0x08002a0c   0x0000002e   Code   RO         1966    i.I2C_IsAcknowledgeFailed  stm32f1xx_hal_i2c.o
    0x08002a3a   0x08002a3a   0x00000002   PAD
    0x08002a3c   0x08002a3c   0x000000fc   Code   RO         1976    i.I2C_RequestMemoryRead  stm32f1xx_hal_i2c.o
    0x08002b38   0x08002b38   0x000000a8   Code   RO         1977    i.I2C_RequestMemoryWrite  stm32f1xx_hal_i2c.o
    0x08002be0   0x08002be0   0x00000056   Code   RO         1981    i.I2C_WaitOnBTFFlagUntilTimeout  stm32f1xx_hal_i2c.o
    0x08002c36   0x08002c36   0x00000088   Code   RO         1982    i.I2C_WaitOnFlagUntilTimeout  stm32f1xx_hal_i2c.o
    0x08002cbe   0x08002cbe   0x000000ba   Code   RO         1983    i.I2C_WaitOnMasterAddressFlagUntilTimeout  stm32f1xx_hal_i2c.o
    0x08002d78   0x08002d78   0x00000074   Code   RO         1984    i.I2C_WaitOnRXNEFlagUntilTimeout  stm32f1xx_hal_i2c.o
    0x08002dec   0x08002dec   0x00000056   Code   RO         1985    i.I2C_WaitOnTXEFlagUntilTimeout  stm32f1xx_hal_i2c.o
    0x08002e42   0x08002e42   0x00000002   PAD
    0x08002e44   0x08002e44   0x00000070   Code   RO         5808    i.IP_Check          bsp_udp.o
    0x08002eb4   0x08002eb4   0x000001c8   Code   RO         5809    i.LWIP_Read_AT24CXX  bsp_udp.o
    0x0800307c   0x0800307c   0x0000010c   Code   RO          307    i.MX_GPIO_Init      gpio.o
    0x08003188   0x08003188   0x00000040   Code   RO          333    i.MX_I2C1_Init      i2c.o
    0x080031c8   0x080031c8   0x0000002c   Code   RO          373    i.MX_IWDG_Init      iwdg.o
    0x080031f4   0x080031f4   0x000000fc   Code   RO          654    i.MX_LWIP_Init      lwip.o
    0x080032f0   0x080032f0   0x00000014   Code   RO          655    i.MX_LWIP_Process   lwip.o
    0x08003304   0x08003304   0x00000038   Code   RO          405    i.MX_USART1_UART_Init  usart.o
    0x0800333c   0x0800333c   0x00000002   Code   RO          454    i.MemManage_Handler  stm32f1xx_it.o
    0x0800333e   0x0800333e   0x00000002   Code   RO          455    i.NMI_Handler       stm32f1xx_it.o
    0x08003340   0x08003340   0x000000a0   Code   RO         5811    i.Net_Update        bsp_udp.o
    0x080033e0   0x080033e0   0x0000003c   Code   RO         6313    i.OLED_Clear        oled.o
    0x0800341c   0x0800341c   0x00000102   Code   RO         6317    i.OLED_Init         oled.o
    0x0800351e   0x0800351e   0x0000002c   Code   RO         6319    i.OLED_Set_Pos      oled.o
    0x0800354a   0x0800354a   0x00000002   PAD
    0x0800354c   0x0800354c   0x00000060   Code   RO         6321    i.OLED_ShowChar     oled.o
    0x080035ac   0x080035ac   0x00000032   Code   RO         6323    i.OLED_ShowString   oled.o
    0x080035de   0x080035de   0x00000002   PAD
    0x080035e0   0x080035e0   0x00000078   Code   RO         6324    i.OLED_WR_Byte      oled.o
    0x08003658   0x08003658   0x00000002   Code   RO          456    i.PendSV_Handler    stm32f1xx_it.o
    0x0800365a   0x0800365a   0x00000002   PAD
    0x0800365c   0x0800365c   0x00000308   Code   RO         6250    i.Quention_Handler  at_cmd.o
    0x08003964   0x08003964   0x000000f0   Code   RO         5812    i.SET_CONFIGID      bsp_udp.o
    0x08003a54   0x08003a54   0x00000098   Code   RO         5813    i.SET_CONFIGPORT    bsp_udp.o
    0x08003aec   0x08003aec   0x00000110   Code   RO         5814    i.SET_DEVGATE       bsp_udp.o
    0x08003bfc   0x08003bfc   0x0000010c   Code   RO         5815    i.SET_DEVID         bsp_udp.o
    0x08003d08   0x08003d08   0x0000010c   Code   RO         5816    i.SET_DEVMASK       bsp_udp.o
    0x08003e14   0x08003e14   0x000000b0   Code   RO         5817    i.SET_DEVPORT       bsp_udp.o
    0x08003ec4   0x08003ec4   0x000000ec   Code   RO         5818    i.SET_NTPID         bsp_udp.o
    0x08003fb0   0x08003fb0   0x00000094   Code   RO         5819    i.SET_NTPPORT       bsp_udp.o
    0x08004044   0x08004044   0x000000b0   Code   RO         6073    i.SET_RTC           bsp_ds1302.o
    0x080040f4   0x080040f4   0x00000002   Code   RO          457    i.SVC_Handler       stm32f1xx_it.o
    0x080040f6   0x080040f6   0x00000002   PAD
    0x080040f8   0x080040f8   0x00000074   Code   RO         6325    i.Screen_Init       oled.o
    0x0800416c   0x0800416c   0x0000000c   Code   RO         5820    i.SendNTPreq        bsp_udp.o
    0x08004178   0x08004178   0x00000004   Code   RO          458    i.SysTick_Handler   stm32f1xx_it.o
    0x0800417c   0x0800417c   0x00000088   Code   RO           14    i.SystemClock_Config  main.o
    0x08004204   0x08004204   0x00000002   Code   RO         2779    i.SystemInit        system_stm32f1xx.o
    0x08004206   0x08004206   0x00000002   PAD
    0x08004208   0x08004208   0x000000b8   Code   RO         2471    i.UART_SetConfig    stm32f1xx_hal_uart.o
    0x080042c0   0x080042c0   0x00000076   Code   RO         2474    i.UART_WaitOnFlagUntilTimeout  stm32f1xx_hal_uart.o
    0x08004336   0x08004336   0x00000002   Code   RO          459    i.UsageFault_Handler  stm32f1xx_it.o
    0x08004338   0x08004338   0x00000058   Code   RO         6074    i.Write_DS1302_Rig  bsp_ds1302.o
    0x08004390   0x08004390   0x00000020   Code   RO         6532    i.__0printf$3       mc_w.l(printf3.o)
    0x080043b0   0x080043b0   0x00000028   Code   RO         6534    i.__0sprintf$3      mc_w.l(printf3.o)
    0x080043d8   0x080043d8   0x00000020   Code   RO         1425    i.__NVIC_SetPriority  stm32f1xx_hal_cortex.o
    0x080043f8   0x080043f8   0x0000000e   Code   RO         6767    i.__scatterload_copy  mc_w.l(handlers.o)
    0x08004406   0x08004406   0x00000002   Code   RO         6768    i.__scatterload_null  mc_w.l(handlers.o)
    0x08004408   0x08004408   0x0000000e   Code   RO         6769    i.__scatterload_zeroinit  mc_w.l(handlers.o)
    0x08004416   0x08004416   0x00000002   PAD
    0x08004418   0x08004418   0x000001b8   Code   RO         6539    i._printf_core      mc_w.l(printf3.o)
    0x080045d0   0x080045d0   0x0000000a   Code   RO         6541    i._sputc            mc_w.l(printf3.o)
    0x080045da   0x080045da   0x00000002   PAD
    0x080045dc   0x080045dc   0x0000001c   Code   RO         4847    i.cyclic_timer      timeouts.o
    0x080045f8   0x080045f8   0x0000009c   Code   RO         3888    i.do_memp_free_pool  memp.o
    0x08004694   0x08004694   0x000000a4   Code   RO         3889    i.do_memp_malloc_pool  memp.o
    0x08004738   0x08004738   0x00000030   Code   RO         5076    i.etharp_cleanup_netif  etharp.o
    0x08004768   0x08004768   0x00000248   Code   RO         5078    i.etharp_find_entry  etharp.o
    0x080049b0   0x080049b0   0x00000024   Code   RO         5079    i.etharp_free_entry  etharp.o
    0x080049d4   0x080049d4   0x00000108   Code   RO         5081    i.etharp_input      etharp.o
    0x08004adc   0x08004adc   0x000001a8   Code   RO         5082    i.etharp_output     etharp.o
    0x08004c84   0x08004c84   0x00000110   Code   RO         5083    i.etharp_output_to_arp_index  etharp.o
    0x08004d94   0x08004d94   0x000001e0   Code   RO         5084    i.etharp_query      etharp.o
    0x08004f74   0x08004f74   0x00000170   Code   RO         5085    i.etharp_raw        etharp.o
    0x080050e4   0x080050e4   0x0000000c   Code   RO         5086    i.etharp_request    etharp.o
    0x080050f0   0x080050f0   0x00000020   Code   RO         5087    i.etharp_request_dst  etharp.o
    0x08005110   0x08005110   0x00000060   Code   RO         5088    i.etharp_tmr        etharp.o
    0x08005170   0x08005170   0x0000011c   Code   RO         5089    i.etharp_update_arp_entry  etharp.o
    0x0800528c   0x0800528c   0x000000a0   Code   RO         3254    i.ethernet_input    ethernet.o
    0x0800532c   0x0800532c   0x000000f8   Code   RO         3255    i.ethernet_output   ethernet.o
    0x08005424   0x08005424   0x00000090   Code   RO          552    i.ethernetif_init   ethernetif.o
    0x080054b4   0x080054b4   0x00000022   Code   RO          553    i.ethernetif_input  ethernetif.o
    0x080054d6   0x080054d6   0x00000002   Code   RO          554    i.ethernetif_notify_conn_changed  ethernetif.o
    0x080054d8   0x080054d8   0x000000b0   Code   RO          556    i.ethernetif_update_config  ethernetif.o
    0x08005588   0x08005588   0x00000018   Code   RO          406    i.fputc             usart.o
    0x080055a0   0x080055a0   0x00000008   Code   RO         5176    i.icmp_dest_unreach  icmp.o
    0x080055a8   0x080055a8   0x000001e4   Code   RO         5177    i.icmp_input        icmp.o
    0x0800578c   0x0800578c   0x0000010c   Code   RO         5178    i.icmp_send_response  icmp.o
    0x08005898   0x08005898   0x00000008   Code   RO         5179    i.icmp_time_exceeded  icmp.o
    0x080058a0   0x080058a0   0x0000002e   Code   RO         5295    i.ip4_addr_isbroadcast_u32  ip4_addr.o
    0x080058ce   0x080058ce   0x00000002   PAD
    0x080058d0   0x080058d0   0x00000258   Code   RO         5361    i.ip4_frag          ip4_frag.o
    0x08005b28   0x08005b28   0x000001a0   Code   RO         5242    i.ip4_input         ip4.o
    0x08005cc8   0x08005cc8   0x0000001e   Code   RO         5244    i.ip4_output_if     ip4.o
    0x08005ce6   0x08005ce6   0x00000002   PAD
    0x08005ce8   0x08005ce8   0x0000016c   Code   RO         5245    i.ip4_output_if_src  ip4.o
    0x08005e54   0x08005e54   0x000001c8   Code   RO         5362    i.ip4_reass         ip4_frag.o
    0x0800601c   0x0800601c   0x0000005c   Code   RO         5246    i.ip4_route         ip4.o
    0x08006078   0x08006078   0x00000090   Code   RO         5363    i.ip_frag_free_pbuf_custom_ref  ip4_frag.o
    0x08006108   0x08006108   0x0000025c   Code   RO         5364    i.ip_reass_chain_frag_into_datagram_and_validate  ip4_frag.o
    0x08006364   0x08006364   0x000000bc   Code   RO         5365    i.ip_reass_dequeue_datagram  ip4_frag.o
    0x08006420   0x08006420   0x00000190   Code   RO         5366    i.ip_reass_free_complete_datagram  ip4_frag.o
    0x080065b0   0x080065b0   0x00000084   Code   RO         5367    i.ip_reass_remove_oldest_datagram  ip4_frag.o
    0x08006634   0x08006634   0x0000002c   Code   RO         5368    i.ip_reass_tmr      ip4_frag.o
    0x08006660   0x08006660   0x00000098   Code   RO         5369    i.ipfrag_free_pbuf_custom  ip4_frag.o
    0x080066f8   0x080066f8   0x000000f8   Code   RO          557    i.low_level_init    ethernetif.o
    0x080067f0   0x080067f0   0x000000bc   Code   RO          558    i.low_level_input   ethernetif.o
    0x080068ac   0x080068ac   0x000000a8   Code   RO          559    i.low_level_output  ethernetif.o
    0x08006954   0x08006954   0x00000144   Code   RO         5821    i.lwip_calc_date_time  bsp_udp.o
    0x08006a98   0x08006a98   0x00000030   Code   RO         5822    i.lwip_get_seconds_from_ntp_server  bsp_udp.o
    0x08006ac8   0x08006ac8   0x00000004   Code   RO         3567    i.lwip_htonl        def.o
    0x08006acc   0x08006acc   0x00000004   Code   RO         3568    i.lwip_htons        def.o
    0x08006ad0   0x08006ad0   0x0000001e   Code   RO         3720    i.lwip_init         init.o
    0x08006aee   0x08006aee   0x00000002   PAD
    0x08006af0   0x08006af0   0x00000038   Code   RO         5823    i.lwip_ntp_client_init  bsp_udp.o
    0x08006b28   0x08006b28   0x00000128   Code   RO           15    i.main              main.o
    0x08006c50   0x08006c50   0x0000011c   Code   RO         3822    i.mem_free          mem.o
    0x08006d6c   0x08006d6c   0x00000034   Code   RO         3823    i.mem_init          mem.o
    0x08006da0   0x08006da0   0x000001fc   Code   RO         3824    i.mem_malloc        mem.o
    0x08006f9c   0x08006f9c   0x00000184   Code   RO         3825    i.mem_trim          mem.o
    0x08007120   0x08007120   0x0000009c   Code   RO         3890    i.memp_free         memp.o
    0x080071bc   0x080071bc   0x0000001c   Code   RO         3892    i.memp_init         memp.o
    0x080071d8   0x080071d8   0x0000002a   Code   RO         3893    i.memp_init_pool    memp.o
    0x08007202   0x08007202   0x00000002   PAD
    0x08007204   0x08007204   0x000000a4   Code   RO         3894    i.memp_malloc       memp.o
    0x080072a8   0x080072a8   0x000000e0   Code   RO         4019    i.netif_add         netif.o
    0x08007388   0x08007388   0x00000002   Code   RO         4021    i.netif_init        netif.o
    0x0800738a   0x0800738a   0x0000001a   Code   RO         4023    i.netif_issue_reports  netif.o
    0x080073a4   0x080073a4   0x00000048   Code   RO         4025    i.netif_set_addr    netif.o
    0x080073ec   0x080073ec   0x0000000c   Code   RO         4026    i.netif_set_default  netif.o
    0x080073f8   0x080073f8   0x0000001a   Code   RO         4027    i.netif_set_down    netif.o
    0x08007412   0x08007412   0x00000008   Code   RO         4028    i.netif_set_gw      netif.o
    0x0800741a   0x0800741a   0x00000002   PAD
    0x0800741c   0x0800741c   0x00000040   Code   RO         4029    i.netif_set_ipaddr  netif.o
    0x0800745c   0x0800745c   0x00000008   Code   RO         4030    i.netif_set_link_callback  netif.o
    0x08007464   0x08007464   0x00000008   Code   RO         4033    i.netif_set_netmask  netif.o
    0x0800746c   0x0800746c   0x0000001c   Code   RO         4034    i.netif_set_up      netif.o
    0x08007488   0x08007488   0x0000036c   Code   RO         4153    i.pbuf_alloc        pbuf.o
    0x080077f4   0x080077f4   0x000000e0   Code   RO         4154    i.pbuf_alloced_custom  pbuf.o
    0x080078d4   0x080078d4   0x00000130   Code   RO         4155    i.pbuf_cat          pbuf.o
    0x08007a04   0x08007a04   0x00000012   Code   RO         4156    i.pbuf_chain        pbuf.o
    0x08007a16   0x08007a16   0x00000012   Code   RO         4157    i.pbuf_clen         pbuf.o
    0x08007a28   0x08007a28   0x000001ec   Code   RO         4159    i.pbuf_copy         pbuf.o
    0x08007c14   0x08007c14   0x0000011c   Code   RO         4160    i.pbuf_copy_partial  pbuf.o
    0x08007d30   0x08007d30   0x00000164   Code   RO         4162    i.pbuf_free         pbuf.o
    0x08007e94   0x08007e94   0x00000006   Code   RO         4164    i.pbuf_header       pbuf.o
    0x08007e9a   0x08007e9a   0x00000006   Code   RO         4165    i.pbuf_header_force  pbuf.o
    0x08007ea0   0x08007ea0   0x00000124   Code   RO         4166    i.pbuf_header_impl  pbuf.o
    0x08007fc4   0x08007fc4   0x00000198   Code   RO         4170    i.pbuf_realloc      pbuf.o
    0x0800815c   0x0800815c   0x0000008c   Code   RO         4171    i.pbuf_ref          pbuf.o
    0x080081e8   0x080081e8   0x0000017c   Code   RO         4175    i.pbuf_take         pbuf.o
    0x08008364   0x08008364   0x0000017c   Code   RO         3826    i.plug_holes        mem.o
    0x080084e0   0x080084e0   0x00000048   Code   RO         4848    i.sys_check_timeouts  timeouts.o
    0x08008528   0x08008528   0x00000004   Code   RO          561    i.sys_now           ethernetif.o
    0x0800852c   0x0800852c   0x0000013c   Code   RO         4850    i.sys_timeout       timeouts.o
    0x08008668   0x08008668   0x00000030   Code   RO         4851    i.sys_timeouts_init  timeouts.o
    0x08008698   0x08008698   0x0000016c   Code   RO         4374    i.tcp_abandon       tcp.o
    0x08008804   0x08008804   0x00000006   Code   RO         4375    i.tcp_abort         tcp.o
    0x0800880a   0x0800880a   0x00000002   PAD
    0x0800880c   0x0800880c   0x000000fc   Code   RO         4378    i.tcp_alloc         tcp.o
    0x08008908   0x08008908   0x00000014   Code   RO         4381    i.tcp_close         tcp.o
    0x0800891c   0x0800891c   0x00000188   Code   RO         4382    i.tcp_close_shutdown  tcp.o
    0x08008aa4   0x08008aa4   0x000000c4   Code   RO         4383    i.tcp_close_shutdown_fin  tcp.o
    0x08008b68   0x08008b68   0x00000120   Code   RO         4730    i.tcp_create_segment  tcp_out.o
    0x08008c88   0x08008c88   0x00000022   Code   RO         4386    i.tcp_eff_send_mss_impl  tcp.o
    0x08008caa   0x08008caa   0x00000002   PAD
    0x08008cac   0x08008cac   0x0000020c   Code   RO         4731    i.tcp_enqueue_flags  tcp_out.o
    0x08008eb8   0x08008eb8   0x0000006c   Code   RO         4388    i.tcp_fasttmr       tcp.o
    0x08008f24   0x08008f24   0x00000030   Code   RO         4651    i.tcp_getoptbyte    tcp_in.o
    0x08008f54   0x08008f54   0x00000002   Code   RO         4389    i.tcp_init          tcp.o
    0x08008f56   0x08008f56   0x00000002   PAD
    0x08008f58   0x08008f58   0x000005c4   Code   RO         4652    i.tcp_input         tcp_in.o
    0x0800951c   0x0800951c   0x00000040   Code   RO         4653    i.tcp_input_delayed_close  tcp_in.o
    0x0800955c   0x0800955c   0x00000052   Code   RO         4732    i.tcp_keepalive     tcp_out.o
    0x080095ae   0x080095ae   0x00000002   PAD
    0x080095b0   0x080095b0   0x000000bc   Code   RO         4390    i.tcp_kill_state    tcp.o
    0x0800966c   0x0800966c   0x000000cc   Code   RO         4391    i.tcp_listen_closed  tcp.o
    0x08009738   0x08009738   0x000000f4   Code   RO         4654    i.tcp_listen_input  tcp_in.o
    0x0800982c   0x0800982c   0x0000004c   Code   RO         4394    i.tcp_netif_ip_addr_changed  tcp.o
    0x08009878   0x08009878   0x00000022   Code   RO         4395    i.tcp_netif_ip_addr_changed_pcblist  tcp.o
    0x0800989a   0x0800989a   0x00000002   PAD
    0x0800989c   0x0800989c   0x00000010   Code   RO         4399    i.tcp_next_iss      tcp.o
    0x080098ac   0x080098ac   0x000002c8   Code   RO         4733    i.tcp_output        tcp_out.o
    0x08009b74   0x08009b74   0x0000010c   Code   RO         4734    i.tcp_output_alloc_header  tcp_out.o
    0x08009c80   0x08009c80   0x000000a8   Code   RO         4735    i.tcp_output_segment  tcp_out.o
    0x08009d28   0x08009d28   0x00000074   Code   RO         4655    i.tcp_parseopt      tcp_in.o
    0x08009d9c   0x08009d9c   0x0000003a   Code   RO         4400    i.tcp_pcb_purge     tcp.o
    0x08009dd6   0x08009dd6   0x00000002   PAD
    0x08009dd8   0x08009dd8   0x00000108   Code   RO         4401    i.tcp_pcb_remove    tcp.o
    0x08009ee0   0x08009ee0   0x00000494   Code   RO         4656    i.tcp_process       tcp_in.o
    0x0800a374   0x0800a374   0x00000068   Code   RO         4403    i.tcp_process_refused_data  tcp.o
    0x0800a3dc   0x0800a3dc   0x00000670   Code   RO         4657    i.tcp_receive       tcp_in.o
    0x0800aa4c   0x0800aa4c   0x00000024   Code   RO         4405    i.tcp_recv_null     tcp.o
    0x0800aa70   0x0800aa70   0x00000110   Code   RO         4406    i.tcp_recved        tcp.o
    0x0800ab80   0x0800ab80   0x00000056   Code   RO         4737    i.tcp_rexmit        tcp_out.o
    0x0800abd6   0x0800abd6   0x00000058   Code   RO         4738    i.tcp_rexmit_fast   tcp_out.o
    0x0800ac2e   0x0800ac2e   0x00000032   Code   RO         4739    i.tcp_rexmit_rto    tcp_out.o
    0x0800ac60   0x0800ac60   0x00000120   Code   RO         4740    i.tcp_rst           tcp_out.o
    0x0800ad80   0x0800ad80   0x0000001c   Code   RO         4407    i.tcp_seg_free      tcp.o
    0x0800ad9c   0x0800ad9c   0x00000012   Code   RO         4408    i.tcp_segs_free     tcp.o
    0x0800adae   0x0800adae   0x0000006a   Code   RO         4741    i.tcp_send_empty_ack  tcp_out.o
    0x0800ae18   0x0800ae18   0x00000046   Code   RO         4742    i.tcp_send_fin      tcp_out.o
    0x0800ae5e   0x0800ae5e   0x00000002   PAD
    0x0800ae60   0x0800ae60   0x000004bc   Code   RO         4412    i.tcp_slowtmr       tcp.o
    0x0800b31c   0x0800b31c   0x00000034   Code   RO         4854    i.tcp_timer_needed  timeouts.o
    0x0800b350   0x0800b350   0x00000068   Code   RO         4658    i.tcp_timewait_input  tcp_in.o
    0x0800b3b8   0x0800b3b8   0x00000020   Code   RO         4413    i.tcp_tmr           tcp.o
    0x0800b3d8   0x0800b3d8   0x00000010   Code   RO         4659    i.tcp_trigger_input_pcb_close  tcp_in.o
    0x0800b3e8   0x0800b3e8   0x000000c0   Code   RO         4415    i.tcp_update_rcv_ann_wnd  tcp.o
    0x0800b4a8   0x0800b4a8   0x000000bc   Code   RO         4745    i.tcp_zero_window_probe  tcp_out.o
    0x0800b564   0x0800b564   0x00000038   Code   RO         4855    i.tcpip_tcp_timer   timeouts.o
    0x0800b59c   0x0800b59c   0x000000b0   Code   RO         4927    i.udp_bind          udp.o
    0x0800b64c   0x0800b64c   0x00000144   Code   RO         5824    i.udp_client_init   bsp_udp.o
    0x0800b790   0x0800b790   0x0000003e   Code   RO         5825    i.udp_client_send   bsp_udp.o
    0x0800b7ce   0x0800b7ce   0x00000002   PAD
    0x0800b7d0   0x0800b7d0   0x00000034   Code   RO         5826    i.udp_client_send_ntp  bsp_udp.o
    0x0800b804   0x0800b804   0x00000068   Code   RO         5827    i.udp_config_server_callback  bsp_udp.o
    0x0800b86c   0x0800b86c   0x00000050   Code   RO         4928    i.udp_connect       udp.o
    0x0800b8bc   0x0800b8bc   0x00000010   Code   RO         4929    i.udp_disconnect    udp.o
    0x0800b8cc   0x0800b8cc   0x00000002   Code   RO         4930    i.udp_init          udp.o
    0x0800b8ce   0x0800b8ce   0x00000002   PAD
    0x0800b8d0   0x0800b8d0   0x00000194   Code   RO         4931    i.udp_input         udp.o
    0x0800ba64   0x0800ba64   0x00000034   Code   RO         4932    i.udp_netif_ip_addr_changed  udp.o
    0x0800ba98   0x0800ba98   0x0000001a   Code   RO         4933    i.udp_new           udp.o
    0x0800bab2   0x0800bab2   0x00000002   PAD
    0x0800bab4   0x0800bab4   0x00000080   Code   RO         5828    i.udp_ntp_server_callback  bsp_udp.o
    0x0800bb34   0x0800bb34   0x00000006   Code   RO         4935    i.udp_recv          udp.o
    0x0800bb3a   0x0800bb3a   0x00000002   PAD
    0x0800bb3c   0x0800bb3c   0x00000030   Code   RO         4936    i.udp_remove        udp.o
    0x0800bb6c   0x0800bb6c   0x00000010   Code   RO         4937    i.udp_send          udp.o
    0x0800bb7c   0x0800bb7c   0x00000032   Code   RO         4938    i.udp_sendto        udp.o
    0x0800bbae   0x0800bbae   0x00000036   Code   RO         4939    i.udp_sendto_if     udp.o
    0x0800bbe4   0x0800bbe4   0x00000144   Code   RO         4940    i.udp_sendto_if_src  udp.o
    0x0800bd28   0x0800bd28   0x0000001e   Data   RO         1099    .constdata          stm32f1xx_hal_rcc.o
    0x0800bd46   0x0800bd46   0x00000010   Data   RO         2780    .constdata          system_stm32f1xx.o
    0x0800bd56   0x0800bd56   0x00000008   Data   RO         2781    .constdata          system_stm32f1xx.o
    0x0800bd5e   0x0800bd5e   0x00000006   Data   RO         3256    .constdata          ethernet.o
    0x0800bd64   0x0800bd64   0x00000006   Data   RO         3257    .constdata          ethernet.o
    0x0800bd6a   0x0800bd6a   0x00000002   PAD
    0x0800bd6c   0x0800bd6c   0x0000000c   Data   RO         3905    .constdata          memp.o
    0x0800bd78   0x0800bd78   0x0000000c   Data   RO         3906    .constdata          memp.o
    0x0800bd84   0x0800bd84   0x0000000c   Data   RO         3907    .constdata          memp.o
    0x0800bd90   0x0800bd90   0x0000000c   Data   RO         3908    .constdata          memp.o
    0x0800bd9c   0x0800bd9c   0x0000000c   Data   RO         3909    .constdata          memp.o
    0x0800bda8   0x0800bda8   0x0000000c   Data   RO         3910    .constdata          memp.o
    0x0800bdb4   0x0800bdb4   0x0000000c   Data   RO         3911    .constdata          memp.o
    0x0800bdc0   0x0800bdc0   0x0000000c   Data   RO         3912    .constdata          memp.o
    0x0800bdcc   0x0800bdcc   0x0000000c   Data   RO         3913    .constdata          memp.o
    0x0800bdd8   0x0800bdd8   0x00000024   Data   RO         3914    .constdata          memp.o
    0x0800bdfc   0x0800bdfc   0x00000054   Data   RO         4416    .constdata          tcp.o
    0x0800be50   0x0800be50   0x00000018   Data   RO         4856    .constdata          timeouts.o
    0x0800be68   0x0800be68   0x00000004   Data   RO         5302    .constdata          ip4_addr.o
    0x0800be6c   0x0800be6c   0x0000000c   Data   RO         5830    .constdata          bsp_udp.o
    0x0800be78   0x0800be78   0x000005f0   Data   RO         6329    .constdata          oled.o
    0x0800c468   0x0800c468   0x00000040   Data   RO         6763    .constdata          mc_w.l(ctype_c.o)
    0x0800c4a8   0x0800c4a8   0x00000075   Data   RO         4417    .conststring        tcp.o
    0x0800c51d   0x0800c51d   0x00000003   PAD
    0x0800c520   0x0800c520   0x00000055   Data   RO         4746    .conststring        tcp_out.o
    0x0800c575   0x0800c575   0x00000003   PAD
    0x0800c578   0x0800c578   0x00000041   Data   RO         5091    .conststring        etharp.o
    0x0800c5b9   0x0800c5b9   0x00000003   PAD
    0x0800c5bc   0x0800c5bc   0x000000c2   Data   RO         6160    .conststring        clock.o
    0x0800c67e   0x0800c67e   0x00000002   PAD
    0x0800c680   0x0800c680   0x00000020   Data   RO         6765    Region$$Table       anon$$obj.o


    Execution Region RW_IRAM1 (Exec base: 0x20000000, Load base: 0x0800c6a0, Size: 0x00008da0, Max: 0x00010000, ABSOLUTE)

    Exec Addr    Load Addr    Size         Type   Attr      Idx    E Section Name        Object

    0x20000000   0x0800c6a0   0x00000003   Data   RW           18    .data               main.o
    0x20000003   0x0800c6a3   0x00000001   PAD
    0x20000004   0x0800c6a4   0x00000018   Data   RW          661    .data               lwip.o
    0x2000001c   0x0800c6bc   0x0000000c   Data   RW          936    .data               stm32f1xx_hal.o
    0x20000028   0x0800c6c8   0x00000004   Data   RW         2782    .data               system_stm32f1xx.o
    0x2000002c   0x0800c6cc   0x0000000c   Data   RW         3828    .data               mem.o
    0x20000038   0x0800c6d8   0x00000004   Data   RW         3915    .data               memp.o
    0x2000003c   0x0800c6dc   0x00000004   Data   RW         3916    .data               memp.o
    0x20000040   0x0800c6e0   0x00000004   Data   RW         3917    .data               memp.o
    0x20000044   0x0800c6e4   0x00000004   Data   RW         3918    .data               memp.o
    0x20000048   0x0800c6e8   0x00000004   Data   RW         3919    .data               memp.o
    0x2000004c   0x0800c6ec   0x00000004   Data   RW         3920    .data               memp.o
    0x20000050   0x0800c6f0   0x00000004   Data   RW         3921    .data               memp.o
    0x20000054   0x0800c6f4   0x00000004   Data   RW         3922    .data               memp.o
    0x20000058   0x0800c6f8   0x00000004   Data   RW         3923    .data               memp.o
    0x2000005c   0x0800c6fc   0x0000000c   Data   RW         4035    .data               netif.o
    0x20000068   0x0800c708   0x00000020   Data   RW         4418    .data               tcp.o
    0x20000088   0x0800c728   0x00000024   Data   RW         4661    .data               tcp_in.o
    0x200000ac   0x0800c74c   0x0000000c   Data   RW         4857    .data               timeouts.o
    0x200000b8   0x0800c758   0x00000008   Data   RW         4941    .data               udp.o
    0x200000c0   0x0800c760   0x00000001   Data   RW         5092    .data               etharp.o
    0x200000c1   0x0800c761   0x00000001   PAD
    0x200000c2   0x0800c762   0x00000002   Data   RW         5247    .data               ip4.o
    0x200000c4   0x0800c764   0x00000008   Data   RW         5370    .data               ip4_frag.o
    0x200000cc   0x0800c76c   0x00000037   Data   RW         5831    .data               bsp_udp.o
    0x20000103   0x0800c7a3   0x0000000e   Data   RW         6076    .data               bsp_ds1302.o
    0x20000111   0x0800c7b1   0x00000003   PAD
    0x20000114   0x0800c7b4   0x00000004   Data   RW         6732    .data               mc_w.l(stdout.o)
    0x20000118        -       0x00000054   Zero   RW          334    .bss                i2c.o
    0x2000016c        -       0x0000000c   Zero   RW          374    .bss                iwdg.o
    0x20000178        -       0x00000048   Zero   RW          407    .bss                usart.o
    0x200001c0        -       0x00004878   Zero   RW          562    .bss                ethernetif.o
    0x20004a38        -       0x00000034   Zero   RW          660    .bss                lwip.o
    0x20004a6c        -       0x00000018   Zero   RW         3790    .bss                ip.o
    0x20004a84        -       0x00000653   Zero   RW         3827    .bss                mem.o
    0x200050d7        -       0x00000083   Zero   RW         3896    .bss                memp.o
    0x2000515a        -       0x000002e7   Zero   RW         3897    .bss                memp.o
    0x20005441        -       0x000000e3   Zero   RW         3898    .bss                memp.o
    0x20005524        -       0x00000103   Zero   RW         3899    .bss                memp.o
    0x20005627        -       0x000000a3   Zero   RW         3900    .bss                memp.o
    0x200056ca        -       0x0000016b   Zero   RW         3901    .bss                memp.o
    0x20005835        -       0x00000033   Zero   RW         3902    .bss                memp.o
    0x20005868        -       0x00000103   Zero   RW         3903    .bss                memp.o
    0x2000596b        -       0x00002603   Zero   RW         3904    .bss                memp.o
    0x20007f6e   0x0800c7b8   0x00000002   PAD
    0x20007f70        -       0x00000010   Zero   RW         4660    .bss                tcp_in.o
    0x20007f80        -       0x000000f0   Zero   RW         5090    .bss                etharp.o
    0x20008070        -       0x000008bc   Zero   RW         5829    .bss                bsp_udp.o
    0x2000892c        -       0x0000006f   Zero   RW         6159    .bss                clock.o
    0x2000899b   0x0800c7b8   0x00000005   PAD
    0x200089a0        -       0x00000400   Zero   RW            1    STACK               startup_stm32f107xc.o


==============================================================================

Image component sizes


      Code (inc. data)   RO Data    RW Data    ZI Data      Debug   Object Name

        72          8          0          0          0       1585   at24cxx.o
      1356        436          0          0          0       3814   at_cmd.o
         0          0          0          0          0       1640   auth.o
       708        142          0         14          0       4963   bsp_ds1302.o
      3614        772         12         55       2236      16657   bsp_udp.o
       622        182        194          0        111       7015   clock.o
         8          0          0          0          0       1066   def.o
         0          0          0          0          0        668   err.o
      2900       1172         65          1        240      12691   etharp.o
       408        156         12          0          0       2714   ethernet.o
      1236        152          0          0      18552       7760   ethernetif.o
       268         18          0          0          0       1039   gpio.o
       156         26          0          0         84       1681   i2c.o
       768        350          0          0          0       4362   icmp.o
        30          0          0          0          0       2840   init.o
         0          0          0          0         24       6089   ip.o
       902        178          0          2          0       5092   ip4.o
        46          0          4          0          0       7086   ip4_addr.o
      2720       1018          0          8          0      11922   ip4_frag.o
        44          8          0          0         12        735   iwdg.o
       272         26          0         24         52       1959   lwip.o
       436         70          0          3          0     671890   main.o
      1612        802          0         12       1619       5741   mem.o
       710        496        144         36      11927      10182   memp.o
       478        130          0         12          0      10251   netif.o
       744         58       1520          0          0       5455   oled.o
      3804       2034          0          0          0      14163   pbuf.o
         0          0          0          0          0       1240   slipif.o
        36          8        336          0       1024        816   startup_stm32f107xc.o
       164         28          0         12          0       7097   stm32f1xx_hal.o
       208         24          0          0          0      28909   stm32f1xx_hal_cortex.o
      2226         58          0          0          0      12882   stm32f1xx_hal_eth.o
       480         34          0          0          0       3523   stm32f1xx_hal_gpio.o
      2364         56          0          0          0      13174   stm32f1xx_hal_i2c.o
       100          0          0          0          0       1875   stm32f1xx_hal_iwdg.o
        44          6          0          0          0        862   stm32f1xx_hal_msp.o
      1588         98         30          0          0       6912   stm32f1xx_hal_rcc.o
       556          6          0          0          0       4036   stm32f1xx_hal_uart.o
        20          0          0          0          0       3998   stm32f1xx_it.o
         2          0         24          4          0       1155   system_stm32f1xx.o
      4108       1524        201         32          0      31327   tcp.o
      4888       1112          0         36         16      19247   tcp_in.o
      2918        826         85          0          0      21294   tcp_out.o
       572        214         24         12          0       5855   timeouts.o
      1254        278          0          8          0      12572   udp.o
       192         26          0          0         72       2302   usart.o

    ----------------------------------------------------------------------
     45688      12532       2696        276      35976    1000136   Object Totals
         0          0         32          0          0          0   (incl. Generated)
        54          0         13          5          7          0   (incl. Padding)

    ----------------------------------------------------------------------

      Code (inc. data)   RO Data    RW Data    ZI Data      Debug   Library Member Name

        56          8          0          0          0         84   __0sscanf.o
        28          0          0          0          0         68   _chval.o
       812          4          0          0          0        112   _scanf.o
       332          0          0          0          0         96   _scanf_int.o
        64          0          0          0          0         84   _sgetc.o
        40          6         64          0          0         68   ctype_c.o
         0          0          0          0          0          0   entry.o
         0          0          0          0          0          0   entry10a.o
         0          0          0          0          0          0   entry11a.o
         8          4          0          0          0          0   entry2.o
         4          0          0          0          0          0   entry5.o
         0          0          0          0          0          0   entry7b.o
         0          0          0          0          0          0   entry8b.o
         8          4          0          0          0          0   entry9a.o
        30          0          0          0          0          0   handlers.o
        36          8          0          0          0         68   init.o
        10          0          0          0          0         68   isspace_c.o
        30          0          0          0          0         68   llshl.o
        32          0          0          0          0         68   llushr.o
        26          0          0          0          0         80   memcmp.o
        36          0          0          0          0         68   memcpya.o
        36          0          0          0          0        108   memseta.o
       522         20          0          0          0        336   printf3.o
        40          8          0          0          0         84   scanf_char.o
         0          0          0          4          0          0   stdout.o
        18          0          0          0          0         68   strcpy.o
        14          0          0          0          0         68   strlen.o
        30          0          0          0          0         80   strncmp.o
        36          0          0          0          0         80   strstr.o
        44          0          0          0          0         80   uidiv.o
        98          0          0          0          0         92   uldiv.o

    ----------------------------------------------------------------------
      2400         62         64          4          0       1928   Library Totals
        10          0          0          0          0          0   (incl. Padding)

    ----------------------------------------------------------------------

      Code (inc. data)   RO Data    RW Data    ZI Data      Debug   Library Name

      2390         62         64          4          0       1928   mc_w.l

    ----------------------------------------------------------------------
      2400         62         64          4          0       1928   Library Totals

    ----------------------------------------------------------------------

==============================================================================


      Code (inc. data)   RO Data    RW Data    ZI Data      Debug   

     48088      12594       2760        280      35976     987448   Grand Totals
     48088      12594       2760        280      35976     987448   ELF Image Totals
     48088      12594       2760        280          0          0   ROM Totals

==============================================================================

    Total RO  Size (Code + RO Data)                50848 (  49.66kB)
    Total RW  Size (RW Data + ZI Data)             36256 (  35.41kB)
    Total ROM Size (Code + RO Data + RW Data)      51128 (  49.93kB)

==============================================================================

